<html>
<body>
<pre>
<h1>µVision Build Log</h1>
<h2>Tool Versions:</h2>
IDE-Version: µVision V5.21.1.0
Copyright (C) 2016 ARM Ltd and ARM Germany GmbH. All rights reserved.
License Information: Nicolas Iriart, SIATECH, LIC=8VR30-B7D43-S9ZG4-FI5RB-SX4RI-0PU5W
 
Tool Versions:
Toolchain:       MDK-ARM Plus  Version: 5.21a
Toolchain Path:  C:\Installation\Keil_v5\ARM\ARMCC\Bin
C Compiler:      Armcc.exe V5.06 update 3 (build 300)
Assembler:       Armasm.exe V5.06 update 3 (build 300)
Linker/Locator:  ArmLink.exe V5.06 update 3 (build 300)
Library Manager: ArmAr.exe V5.06 update 3 (build 300)
Hex Converter:   FromElf.exe V5.06 update 3 (build 300)
CPU DLL:         SARMCM3.DLL V5.21a
Dialog DLL:      DCM.DLL V1.13.8.0
Target DLL:      STLink\ST-LINKIII-KEIL_SWO.dll V2.0.18.0
Dialog DLL:      TCM.DLL V1.14.14.0
 
<h2>Project:</h2>
C:\Users\Nico\Desktop\projet\STM32CubeExpansion_MEMS1_V3.0.0\Projects\Multi\Applications\DataLogFusion\MDK-ARM\STM32F401RE-Nucleo\Project.uvprojx
Project File Date:  07/28/2016

<h2>Output:</h2>
*** Using Compiler 'V5.06 update 3 (build 300)', folder: 'C:\Installation\Keil_v5\ARM\ARMCC\Bin'
Build target 'STM32F4xx-Nucleo-IKS01A2'
compiling main.c...
linking...
Program Size: Code=84478 RO-data=1550 RW-data=6168 ZI-data=38032  
FromELF: creating hex file...
After Build - User command #1: C:\Installation\Keil_v5\\ARM\ARMCC\bin\fromelf.exe --bin --output=STM32F4xx-Nucleo-IKS01A2.bin .\STM32F4xx-Nucleo\STM32F4xx-Nucleo-IKS01A2.axf
".\STM32F4xx-Nucleo\STM32F4xx-Nucleo-IKS01A2.axf" - 0 Error(s), 0 Warning(s).

<h2>Software Packages used:</h2>

Package Vendor: ARM
                http://www.keil.com/pack/ARM.CMSIS.5.0.0-Beta4.pack
                ARM::CMSIS:CORE:5.0.0
                CMSIS (Cortex Microcontroller Software Interface Standard)
   * Component: CORE Version: 5.0.0

<h2>Collection of Component include folders:</h2>
  C:\Users\Nico\Desktop\projet\STM32CubeExpansion_MEMS1_V3.0.0\Projects\Multi\Applications\DataLogFusion\MDK-ARM\STM32F401RE-Nucleo\RTE
  C:\Installation\Keil_v5\ARM\PACK\ARM\CMSIS\5.0.0-Beta4\CMSIS\Include
  C:\Installation\Keil_v5\ARM\PACK\Keil\STM32F4xx_DFP\2.9.0\Drivers\CMSIS\Device\ST\STM32F4xx\Include

<h2>Collection of Component Files used:</h2>

   * Component: ARM::CMSIS:CORE:5.0.0
Build Time Elapsed:  00:00:05
</pre>
</body>
</html>
