Component: ARM Compiler 5.06 update 3 (build 300) Tool: armlink [4d35c9]

==============================================================================

Section Cross References

    hts221_driver.o(i.HTS221_Activate) refers to hts221_driver.o(i.HTS221_ReadReg) for HTS221_ReadReg
    hts221_driver.o(i.HTS221_Activate) refers to hts221_driver.o(i.HTS221_WriteReg) for HTS221_WriteReg
    hts221_driver.o(i.HTS221_DeActivate) refers to hts221_driver.o(i.HTS221_ReadReg) for HTS221_ReadReg
    hts221_driver.o(i.HTS221_DeActivate) refers to hts221_driver.o(i.HTS221_WriteReg) for HTS221_WriteReg
    hts221_driver.o(i.HTS221_DeInit) refers to hts221_driver.o(i.HTS221_ReadReg) for HTS221_ReadReg
    hts221_driver.o(i.HTS221_DeInit) refers to hts221_driver.o(i.HTS221_WriteReg) for HTS221_WriteReg
    hts221_driver.o(i.HTS221_Get_AvgHT) refers to hts221_driver.o(i.HTS221_ReadReg) for HTS221_ReadReg
    hts221_driver.o(i.HTS221_Get_BduMode) refers to hts221_driver.o(i.HTS221_ReadReg) for HTS221_ReadReg
    hts221_driver.o(i.HTS221_Get_DataStatus) refers to hts221_driver.o(i.HTS221_ReadReg) for HTS221_ReadReg
    hts221_driver.o(i.HTS221_Get_DeviceID) refers to hts221_driver.o(i.HTS221_ReadReg) for HTS221_ReadReg
    hts221_driver.o(i.HTS221_Get_HeaterState) refers to hts221_driver.o(i.HTS221_ReadReg) for HTS221_ReadReg
    hts221_driver.o(i.HTS221_Get_Humidity) refers to hts221_driver.o(i.HTS221_ReadReg) for HTS221_ReadReg
    hts221_driver.o(i.HTS221_Get_HumidityRaw) refers to hts221_driver.o(i.HTS221_ReadReg) for HTS221_ReadReg
    hts221_driver.o(i.HTS221_Get_InitConfig) refers to hts221_driver.o(i.HTS221_ReadReg) for HTS221_ReadReg
    hts221_driver.o(i.HTS221_Get_IrqActiveLevel) refers to hts221_driver.o(i.HTS221_ReadReg) for HTS221_ReadReg
    hts221_driver.o(i.HTS221_Get_IrqEnable) refers to hts221_driver.o(i.HTS221_ReadReg) for HTS221_ReadReg
    hts221_driver.o(i.HTS221_Get_IrqOutputType) refers to hts221_driver.o(i.HTS221_ReadReg) for HTS221_ReadReg
    hts221_driver.o(i.HTS221_Get_Measurement) refers to hts221_driver.o(i.HTS221_Get_Temperature) for HTS221_Get_Temperature
    hts221_driver.o(i.HTS221_Get_Measurement) refers to hts221_driver.o(i.HTS221_Get_Humidity) for HTS221_Get_Humidity
    hts221_driver.o(i.HTS221_Get_Odr) refers to hts221_driver.o(i.HTS221_ReadReg) for HTS221_ReadReg
    hts221_driver.o(i.HTS221_Get_PowerDownMode) refers to hts221_driver.o(i.HTS221_ReadReg) for HTS221_ReadReg
    hts221_driver.o(i.HTS221_Get_RawMeasurement) refers to hts221_driver.o(i.HTS221_ReadReg) for HTS221_ReadReg
    hts221_driver.o(i.HTS221_Get_Temperature) refers to hts221_driver.o(i.HTS221_ReadReg) for HTS221_ReadReg
    hts221_driver.o(i.HTS221_Get_TemperatureRaw) refers to hts221_driver.o(i.HTS221_ReadReg) for HTS221_ReadReg
    hts221_driver.o(i.HTS221_IsMeasurementCompleted) refers to hts221_driver.o(i.HTS221_ReadReg) for HTS221_ReadReg
    hts221_driver.o(i.HTS221_MemoryBoot) refers to hts221_driver.o(i.HTS221_ReadReg) for HTS221_ReadReg
    hts221_driver.o(i.HTS221_MemoryBoot) refers to hts221_driver.o(i.HTS221_WriteReg) for HTS221_WriteReg
    hts221_driver.o(i.HTS221_ReadReg) refers to x_nucleo_iks01a2.o(i.Sensor_IO_Read) for Sensor_IO_Read
    hts221_driver.o(i.HTS221_Set_AvgH) refers to hts221_driver.o(i.HTS221_assert_failed) for HTS221_assert_failed
    hts221_driver.o(i.HTS221_Set_AvgH) refers to hts221_driver.o(i.HTS221_ReadReg) for HTS221_ReadReg
    hts221_driver.o(i.HTS221_Set_AvgH) refers to hts221_driver.o(i.HTS221_WriteReg) for HTS221_WriteReg
    hts221_driver.o(i.HTS221_Set_AvgHT) refers to hts221_driver.o(i.HTS221_assert_failed) for HTS221_assert_failed
    hts221_driver.o(i.HTS221_Set_AvgHT) refers to hts221_driver.o(i.HTS221_ReadReg) for HTS221_ReadReg
    hts221_driver.o(i.HTS221_Set_AvgHT) refers to hts221_driver.o(i.HTS221_WriteReg) for HTS221_WriteReg
    hts221_driver.o(i.HTS221_Set_AvgT) refers to hts221_driver.o(i.HTS221_assert_failed) for HTS221_assert_failed
    hts221_driver.o(i.HTS221_Set_AvgT) refers to hts221_driver.o(i.HTS221_ReadReg) for HTS221_ReadReg
    hts221_driver.o(i.HTS221_Set_AvgT) refers to hts221_driver.o(i.HTS221_WriteReg) for HTS221_WriteReg
    hts221_driver.o(i.HTS221_Set_BduMode) refers to hts221_driver.o(i.HTS221_assert_failed) for HTS221_assert_failed
    hts221_driver.o(i.HTS221_Set_BduMode) refers to hts221_driver.o(i.HTS221_ReadReg) for HTS221_ReadReg
    hts221_driver.o(i.HTS221_Set_BduMode) refers to hts221_driver.o(i.HTS221_WriteReg) for HTS221_WriteReg
    hts221_driver.o(i.HTS221_Set_HeaterState) refers to hts221_driver.o(i.HTS221_assert_failed) for HTS221_assert_failed
    hts221_driver.o(i.HTS221_Set_HeaterState) refers to hts221_driver.o(i.HTS221_ReadReg) for HTS221_ReadReg
    hts221_driver.o(i.HTS221_Set_HeaterState) refers to hts221_driver.o(i.HTS221_WriteReg) for HTS221_WriteReg
    hts221_driver.o(i.HTS221_Set_InitConfig) refers to hts221_driver.o(i.HTS221_assert_failed) for HTS221_assert_failed
[...]
    __mathlib_zero                           0x08013bc8   Data           8  qnan.o(.constdata)
    Region$$Table$$Base                      0x08013bd0   Number         0  anon$$obj.o(Region$$Table)
    Region$$Table$$Limit                     0x08013bf0   Number         0  anon$$obj.o(Region$$Table)
    HTS221_H_Drv                             0x20000000   Data          52  hts221_driver_hl.o(.data)
    HTS221_T_Drv                             0x20000034   Data          52  hts221_driver_hl.o(.data)
    HTS221_Combo_Data                        0x20000068   Data           4  hts221_driver_hl.o(.data)
    LPS22HB_P_Drv                            0x2000006c   Data          52  lps22hb_driver_hl.o(.data)
    LPS22HB_T_Drv                            0x200000a0   Data          52  lps22hb_driver_hl.o(.data)
    LPS22HB_P_ExtDrv                         0x200000d4   Data          60  lps22hb_driver_hl.o(.data)
    LPS22HB_T_ExtDrv                         0x20000110   Data          60  lps22hb_driver_hl.o(.data)
    LPS22HB_Combo_Data                       0x2000014c   Data           8  lps22hb_driver_hl.o(.data)
    LSM6DSL_X_ExtDrv                         0x20000154   Data         208  lsm6dsl_acc_gyro_driver_hl.o(.data)
    LSM6DSL_G_ExtDrv                         0x20000224   Data          60  lsm6dsl_acc_gyro_driver_hl.o(.data)
    LSM6DSL_X_Drv                            0x20000260   Data          80  lsm6dsl_acc_gyro_driver_hl.o(.data)
    LSM6DSL_G_Drv                            0x200002b0   Data          80  lsm6dsl_acc_gyro_driver_hl.o(.data)
    LSM6DSL_Combo_Data                       0x20000300   Data           2  lsm6dsl_acc_gyro_driver_hl.o(.data)
    LSM303AGR_X_Drv                          0x20000304   Data          80  lsm303agr_acc_driver_hl.o(.data)
    LSM303AGR_M_Drv                          0x20000354   Data          72  lsm303agr_mag_driver_hl.o(.data)
    GPIO_PORT                                0x2000039c   Data           4  stm32f4xx_nucleo.o(.data)
    BUTTON_PORT                              0x200003a0   Data           4  stm32f4xx_nucleo.o(.data)
    SpixTimeout                              0x200003a4   Data           4  stm32f4xx_nucleo.o(.data)
    SystemCoreClock                          0x200003f4   Data           4  system_stm32f4xx.o(.data)
    uwTick                                   0x200003f8   Data           4  stm32f4xx_hal.o(.data)
    DataStreamingDest                        0x200003fc   Data           1  demoserial.o(.data)
    DataLoggerActive                         0x200003fd   Data           1  demoserial.o(.data)
    PresentationString                       0x200003fe   Data          39  demoserial.o(.data)
    osx_mfx_license                          0x20000428   Data          48  motionfx_manager.o(.data)
    sampleToDiscard                          0x20000458   Data           4  motionfx_manager.o(.data)
    MotionFX_engine_deltatime                0x2000045c   Data           4  motionfx_manager.o(.data)
    discardedCount                           0x20000460   Data           4  motionfx_manager.o(.data)
    ipKnobs                                  0x20000464   Data           4  motionfx_manager.o(.data)
    Usart_BaudRate                           0x20000468   Data           4  com.o(.data)
    Uart_Engine                              0x2000046c   Data           8  com.o(.data)
    calibIndex                               0x20000474   Data           1  main.o(.data)
    isCal                                    0x20000475   Data           1  main.o(.data)
    SF_Active                                0x20000476   Data           1  main.o(.data)
    SF_6x_enabled                            0x20000477   Data           1  main.o(.data)
    SF_change                                0x20000478   Data           1  main.o(.data)
    timer_period                             0x2000047a   Data           2  main.o(.data)
    timer_pulse                              0x2000047c   Data           2  main.o(.data)
    CalibrationStructureRAM                  0x20000480   Data           4  main.o(.data)
    Sensors_Enabled                          0x20000484   Data           4  main.o(.data)
    DataTxPeriod                             0x20000488   Data           4  main.o(.data)
    ACCELERO_handle                          0x2000048c   Data           4  main.o(.data)
    GYRO_handle                              0x20000490   Data           4  main.o(.data)
    MAGNETO_handle                           0x20000494   Data           4  main.o(.data)
    HUMIDITY_handle                          0x20000498   Data           4  main.o(.data)
    TEMPERATURE_handle                       0x2000049c   Data           4  main.o(.data)
    PRESSURE_handle                          0x200004a0   Data           4  main.o(.data)
    RTC_SYNCH_PREDIV                         0x200004a4   Data           4  main.o(.data)
    PRESSURE_Value                           0x200004a8   Data           4  main.o(.data)
    HUMIDITY_Value                           0x200004ac   Data           4  main.o(.data)
    TEMPERATURE_Value                        0x200004b0   Data           4  main.o(.data)
    sysclk                                   0x200004b4   Data           4  main.o(.data)
    hclk                                     0x200004b8   Data           4  main.o(.data)
    pclk1                                    0x200004bc   Data           4  main.o(.data)
    pclk2                                    0x200004c0   Data           4  main.o(.data)
    use_LSI                                  0x200004c4   Data           4  stm32f4xx_hal_msp.o(.data)
    normalize_input_data                     0x200004c8   Data           1  osx_motion_fx.o(.data)
    normalize_input_data_6X                  0x200004c9   Data           1  osx_motion_fx.o(.data)
    vGoodNum                                 0x200004d8   Data           2  osx_motion_fx.o(.data)
    acc_orientation                          0x200004e4   Data           4  osx_motion_fx.o(.data)
    gyro_orientation                         0x200004e8   Data           4  osx_motion_fx.o(.data)
    mag_orientation                          0x200004ec   Data           4  osx_motion_fx.o(.data)
    start_automatic_gbias_calculation        0x200004f0   Data           4  osx_motion_fx.o(.data)
    runCal                                   0x200004f4   Data           4  osx_motion_fx.o(.data)
    enable6X                                 0x20000540   Data           4  osx_motion_fx.o(.data)
    enable9X                                 0x20000544   Data           4  osx_motion_fx.o(.data)
    eml_dmag_meas                            0x20000548   Data           4  osx_motion_fx.o(.data)
    eml_dacc_meas                            0x2000054c   Data           4  osx_motion_fx.o(.data)
    eml_dgyro_meas                           0x20000550   Data           4  osx_motion_fx.o(.data)
    eml_MA_detect_value                      0x20000554   Data           4  osx_motion_fx.o(.data)
    eml_mR                                   0x20000558   Data           4  osx_motion_fx.o(.data)
    eml_mR_cpy                               0x2000055c   Data           4  osx_motion_fx.o(.data)
    sp                                       0x20000590   Data        2256  osx_motion_fx.o(.data)
    sp6x                                     0x20000e60   Data        2256  osx_motion_fx.o(.data)
    __stdout                                 0x20001748   Data           4  stdout.o(.data)
    iKnobs                                   0x20001854   Data          60  motionfx_manager.o(.bss)
    iDataOUT                                 0x20001890   Data         112  motionfx_manager.o(.bss)
    iDataIN                                  0x20001900   Data          36  motionfx_manager.o(.bss)
    go                                       0x20001924   Data          12  motionfx_manager.o(.bss)
    UartHandle                               0x20001930   Data          64  com.o(.bss)
    hdma_rx                                  0x20001970   Data          88  com.o(.bss)
    UART_RxBuffer                            0x200019c8   Data         512  com.o(.bss)
    UART_TxBuffer                            0x20001bc8   Data         512  com.o(.bss)
    RtcHandle                                0x20001dc8   Data          32  main.o(.bss)
    ACC_Value                                0x20001de8   Data          12  main.o(.bss)
    GYR_Value                                0x20001df4   Data          12  main.o(.bss)
    MAG_Value                                0x20001e00   Data          12  main.o(.bss)
    magOffset                                0x20001e0c   Data          24  main.o(.bss)
    Msg                                      0x20001e24   Data         260  main.o(.bss)
    DataLogTimHandle                         0x20001f28   Data          60  main.o(.bss)
    actualCal                                0x20002580   Data          24  osx_motion_fx.o(.bss)
    iNemoEngine_DataIn_9X                    0x20002598   Data         248  osx_motion_fx.o(.bss)
    osxMFX_knobs_9X                          0x20002690   Data          84  osx_motion_fx.o(.bss)
    osxMFX_output_9X                         0x200026e4   Data         252  osx_motion_fx.o(.bss)
    iNemoEngine_DataIn_6X                    0x200027e0   Data         248  osx_motion_fx.o(.bss)
    osxMFX_knobs_6X                          0x200028d8   Data          84  osx_motion_fx.o(.bss)
    osxMFX_output_6X                         0x2000292c   Data         252  osx_motion_fx.o(.bss)
    rotAcc6X                                 0x20002a43   Data           9  osx_motion_fx.o(.bss)
    rotMag6X                                 0x20002a4c   Data           9  osx_motion_fx.o(.bss)
    rotGyro6X                                0x20002a55   Data           9  osx_motion_fx.o(.bss)
    eml_kalman_v_cpy                         0x20002a60   Data          48  osx_motion_fx.o(.bss)
    eml_mag_cpy                              0x20002a90   Data          12  osx_motion_fx.o(.bss)
    __initial_sp                             0x2000ab48   Data           0  startup_stm32f401xe.o(STACK)



==============================================================================

Memory Map of the image

  Image Entry point : 0x08000195

  Load Region LR_IROM1 (Base: 0x08000000, Size: 0x00015340, Max: 0x00080000, ABSOLUTE, COMPRESSED[0x00013f90])

    Execution Region ER_IROM1 (Base: 0x08000000, Size: 0x00013bf0, Max: 0x00080000, ABSOLUTE)

    Base Addr    Size         Type   Attr      Idx    E Section Name        Object

    0x08000000   0x00000194   Data   RO        10452    RESET               startup_stm32f401xe.o
    0x08000194   0x00000000   Code   RO        11086  * .ARM.Collect$$$$00000000  mc_w.l(entry.o)
    0x08000194   0x00000004   Code   RO        11427    .ARM.Collect$$$$00000001  mc_w.l(entry2.o)
    0x08000198   0x00000004   Code   RO        11430    .ARM.Collect$$$$00000004  mc_w.l(entry5.o)
    0x0800019c   0x00000000   Code   RO        11432    .ARM.Collect$$$$00000008  mc_w.l(entry7b.o)
    0x0800019c   0x00000000   Code   RO        11434    .ARM.Collect$$$$0000000A  mc_w.l(entry8b.o)
    0x0800019c   0x00000008   Code   RO        11435    .ARM.Collect$$$$0000000B  mc_w.l(entry9a.o)
    0x080001a4   0x00000000   Code   RO        11437    .ARM.Collect$$$$0000000D  mc_w.l(entry10a.o)
    0x080001a4   0x00000000   Code   RO        11439    .ARM.Collect$$$$0000000F  mc_w.l(entry11a.o)
    0x080001a4   0x00000004   Code   RO        11428    .ARM.Collect$$$$00002712  mc_w.l(entry2.o)
    0x080001a8   0x00000024   Code   RO        10453    .text               startup_stm32f401xe.o
    0x080001cc   0x00000004   PAD
    0x080001d0   0x00008a6c   Code   RO        11007    .text               osxMotionFX107_CM4_Keil_ot.lib(osx_motion_fx.o)
    0x08008c3c   0x000002e4   Code   RO        11016    .text               osxMotionFX107_CM4_Keil_ot.lib(osxLibraryLocker100_CM4F_Keil.o)
    0x08008f20   0x00000062   Code   RO        11089    .text               mc_w.l(ldiv.o)
    0x08008f82   0x00000040   Code   RO        11093    .text               mc_w.l(memmovea.o)
    0x08008fc2   0x00000024   Code   RO        11095    .text               mc_w.l(memseta.o)
    0x08008fe6   0x0000000e   Code   RO        11097    .text               mc_w.l(strlen.o)
    0x08008ff4   0x00000012   Code   RO        11099    .text               mc_w.l(strcpy.o)
    0x08009006   0x0000014e   Code   RO        11366    .text               mf_w.l(dadd.o)
    0x08009154   0x000000e4   Code   RO        11368    .text               mf_w.l(dmul.o)
    0x08009238   0x000000de   Code   RO        11370    .text               mf_w.l(ddiv.o)
    0x08009316   0x00000022   Code   RO        11372    .text               mf_w.l(dflti.o)
    0x08009338   0x0000001a   Code   RO        11374    .text               mf_w.l(dfltui.o)
    0x08009352   0x0000003e   Code   RO        11376    .text               mf_w.l(dfixi.o)
    0x08009390   0x00000032   Code   RO        11378    .text               mf_w.l(dfixui.o)
    0x080093c2   0x00000026   Code   RO        11380    .text               mf_w.l(f2d.o)
    0x080093e8   0x00000030   Code   RO        11382    .text               mf_w.l(cdcmple.o)
    0x08009418   0x00000030   Code   RO        11384    .text               mf_w.l(cdrcmple.o)
    0x08009448   0x00000038   Code   RO        11386    .text               mf_w.l(d2f.o)
    0x08009480   0x0000002c   Code   RO        11444    .text               mc_w.l(uidiv.o)
    0x080094ac   0x00000062   Code   RO        11446    .text               mc_w.l(uldiv.o)
    0x0800950e   0x0000001e   Code   RO        11448    .text               mc_w.l(llshl.o)
    0x0800952c   0x00000020   Code   RO        11450    .text               mc_w.l(llushr.o)
    0x0800954c   0x00000024   Code   RO        11452    .text               mc_w.l(llsshr.o)
    0x08009570   0x00000000   Code   RO        11461    .text               mc_w.l(iusefp.o)
    0x08009570   0x0000006e   Code   RO        11462    .text               mf_w.l(fepilogue.o)
    0x080095de   0x000000ba   Code   RO        11464    .text               mf_w.l(depilogue.o)
    0x08009698   0x0000002e   Code   RO        11468    .text               mf_w.l(dscalb.o)
    0x080096c6   0x000000a2   Code   RO        11470    .text               mf_w.l(dsqrt.o)
    0x08009768   0x00000088   Code   RO        11472    .text               mf_w.l(drnd.o)
    0x080097f0   0x00000060   Code   RO        11476    .text               mf_w.l(dcmp4.o)
    0x08009850   0x00000024   Code   RO        11478    .text               mc_w.l(init.o)
    0x08009874   0x00000000   Code   RO        11480    .text               mc_w.l(semi.o)
    0x08009874   0x00000000   Code   RO        11481    .text               mc_w.l(iusesemip.o)
    0x08009874   0x00000056   Code   RO        11490    .text               mc_w.l(__dczerorl2.o)
    0x080098ca   0x00000002   PAD
    0x080098cc   0x0000006c   Code   RO        10668    i.Accelero_Sensor_Handler  main.o
    0x08009938   0x0000001a   Code   RO         5736    i.BSP_ACCELERO_Get_Axes  x_nucleo_iks01a2_accelero.o
    0x08009952   0x0000002e   Code   RO         5752    i.BSP_ACCELERO_Init  x_nucleo_iks01a2_accelero.o
    0x08009980   0x00000010   Code   RO         5755    i.BSP_ACCELERO_IsInitialized  x_nucleo_iks01a2_accelero.o
    0x08009990   0x00000018   Code   RO         5759    i.BSP_ACCELERO_Sensor_Enable  x_nucleo_iks01a2_accelero.o
    0x080099a8   0x0000001a   Code   RO         6214    i.BSP_GYRO_Get_Axes  x_nucleo_iks01a2_gyro.o
    0x080099c2   0x00000010   Code   RO         6219    i.BSP_GYRO_Get_Instance  x_nucleo_iks01a2_gyro.o
    0x080099d2   0x00000014   Code   RO         6223    i.BSP_GYRO_Init     x_nucleo_iks01a2_gyro.o
    0x080099e6   0x00000010   Code   RO         6226    i.BSP_GYRO_IsInitialized  x_nucleo_iks01a2_gyro.o
    0x080099f6   0x00000018   Code   RO         6229    i.BSP_GYRO_Sensor_Enable  x_nucleo_iks01a2_gyro.o
    0x08009a0e   0x00000002   PAD
    0x08009a10   0x00000074   Code   RO         6462    i.BSP_HTS221_HUMIDITY_Init  x_nucleo_iks01a2_humidity.o
    0x08009a84   0x00000074   Code   RO         6963    i.BSP_HTS221_TEMPERATURE_Init  x_nucleo_iks01a2_temperature.o
    0x08009af8   0x0000001a   Code   RO         6466    i.BSP_HUMIDITY_Get_Hum  x_nucleo_iks01a2_humidity.o
    0x08009b12   0x00000014   Code   RO         6470    i.BSP_HUMIDITY_Init  x_nucleo_iks01a2_humidity.o
    0x08009b26   0x00000010   Code   RO         6473    i.BSP_HUMIDITY_IsInitialized  x_nucleo_iks01a2_humidity.o
    0x08009b36   0x00000018   Code   RO         6476    i.BSP_HUMIDITY_Sensor_Enable  x_nucleo_iks01a2_humidity.o
    0x08009b4e   0x00000002   PAD
    0x08009b50   0x00000058   Code   RO         5338    i.BSP_LED_Init      stm32f4xx_nucleo.o
    0x08009ba8   0x0000001c   Code   RO         5339    i.BSP_LED_Off       stm32f4xx_nucleo.o
    0x08009bc4   0x0000001c   Code   RO         5340    i.BSP_LED_On        stm32f4xx_nucleo.o
    0x08009be0   0x0000007c   Code   RO         6762    i.BSP_LPS22HB_PRESSURE_Init  x_nucleo_iks01a2_pressure.o
    0x08009c5c   0x00000084   Code   RO         6964    i.BSP_LPS22HB_TEMPERATURE_Init  x_nucleo_iks01a2_temperature.o
    0x08009ce0   0x00000070   Code   RO         5775    i.BSP_LSM303AGR_ACCELERO_Init  x_nucleo_iks01a2_accelero.o
    0x08009d50   0x0000006c   Code   RO         6597    i.BSP_LSM303AGR_MAGNETO_Init  x_nucleo_iks01a2_magneto.o
    0x08009dbc   0x0000007c   Code   RO         5776    i.BSP_LSM6DSL_ACCELERO_Init  x_nucleo_iks01a2_accelero.o
    0x08009e38   0x0000007c   Code   RO         6238    i.BSP_LSM6DSL_GYRO_Init  x_nucleo_iks01a2_gyro.o
    0x08009eb4   0x0000001a   Code   RO         6600    i.BSP_MAGNETO_Get_Axes  x_nucleo_iks01a2_magneto.o
    0x08009ece   0x00000010   Code   RO         6604    i.BSP_MAGNETO_Get_Instance  x_nucleo_iks01a2_magneto.o
    0x08009ede   0x00000014   Code   RO         6608    i.BSP_MAGNETO_Init  x_nucleo_iks01a2_magneto.o
    0x08009ef2   0x00000010   Code   RO         6611    i.BSP_MAGNETO_IsInitialized  x_nucleo_iks01a2_magneto.o
    0x08009f02   0x00000018   Code   RO         6614    i.BSP_MAGNETO_Sensor_Enable  x_nucleo_iks01a2_magneto.o
    0x08009f1a   0x00000002   PAD
    0x08009f1c   0x00000018   Code   RO         5343    i.BSP_PB_GetState   stm32f4xx_nucleo.o
    0x08009f34   0x0000007c   Code   RO         5344    i.BSP_PB_Init       stm32f4xx_nucleo.o
    0x08009fb0   0x00000010   Code   RO         6777    i.BSP_PRESSURE_Get_Instance  x_nucleo_iks01a2_pressure.o
    0x08009fc0   0x0000001a   Code   RO         6779    i.BSP_PRESSURE_Get_Press  x_nucleo_iks01a2_pressure.o
    0x08009fda   0x00000014   Code   RO         6781    i.BSP_PRESSURE_Init  x_nucleo_iks01a2_pressure.o
    0x08009fee   0x00000010   Code   RO         6784    i.BSP_PRESSURE_IsInitialized  x_nucleo_iks01a2_pressure.o
    0x08009ffe   0x00000018   Code   RO         6787    i.BSP_PRESSURE_Sensor_Enable  x_nucleo_iks01a2_pressure.o
    0x0800a016   0x0000001a   Code   RO         6981    i.BSP_TEMPERATURE_Get_Temp  x_nucleo_iks01a2_temperature.o
    0x0800a030   0x0000002e   Code   RO         6983    i.BSP_TEMPERATURE_Init  x_nucleo_iks01a2_temperature.o
    0x0800a05e   0x00000010   Code   RO         6986    i.BSP_TEMPERATURE_IsInitialized  x_nucleo_iks01a2_temperature.o
    0x0800a06e   0x00000018   Code   RO         6989    i.BSP_TEMPERATURE_Sensor_Enable  x_nucleo_iks01a2_temperature.o
    0x0800a086   0x00000010   Code   RO        10461    i.BUILD_REPLY_HEADER  demoserial.o
    0x0800a096   0x00000028   Code   RO        10935    i.ByteStuffCopy     serial_protocol.o
    0x0800a0be   0x00000020   Code   RO        10936    i.ByteStuffCopyByte  serial_protocol.o
    0x0800a0de   0x00000026   Code   RO        10937    i.CHK_CheckAndRemove  serial_protocol.o
    0x0800a104   0x00000024   Code   RO        10938    i.CHK_ComputeAndAdd  serial_protocol.o
    0x0800a128   0x00000034   Code   RO        10896    i.Config_DMA_Handler  cube_hal_f4.o
    0x0800a15c   0x00000028   Code   RO         7747    i.DMA_CalcBaseAndBitshift  stm32f4xx_hal_dma.o
    0x0800a184   0x00000028   Code   RO         7748    i.DMA_SetConfig     stm32f4xx_hal_dma.o
    0x0800a1ac   0x00000078   Code   RO        10669    i.DataLogTimerInit  main.o
    0x0800a224   0x00000002   Code   RO        10838    i.DebugMon_Handler  stm32f4xx_it.o
    0x0800a226   0x00000016   Code   RO        10939    i.Deserialize       serial_protocol.o
    0x0800a23c   0x00000008   Code   RO        10839    i.EXTI15_10_IRQHandler  stm32f4xx_it.o
    0x0800a244   0x00000002   Code   RO        10670    i.Error_Handler     main.o
    0x0800a246   0x00000006   Code   RO        10897    i.Get_DMA_Counter   cube_hal_f4.o
    0x0800a24c   0x000000c8   Code   RO        10898    i.Get_DMA_Flag_Status  cube_hal_f4.o
    0x0800a314   0x0000006c   Code   RO        10671    i.Gyro_Sensor_Handler  main.o
    0x0800a380   0x00000078   Code   RO         7754    i.HAL_DMA_Init      stm32f4xx_hal_dma.o
    0x0800a3f8   0x0000004e   Code   RO         7757    i.HAL_DMA_Start_IT  stm32f4xx_hal_dma.o
    0x0800a446   0x00000016   Code   RO         7209    i.HAL_Delay         stm32f4xx_hal.o
    0x0800a45c   0x00000002   Code   RO         8074    i.HAL_GPIO_EXTI_Callback  stm32f4xx_hal_gpio.o
    0x0800a45e   0x00000002   PAD
    0x0800a460   0x00000018   Code   RO         8075    i.HAL_GPIO_EXTI_IRQHandler  stm32f4xx_hal_gpio.o
    0x0800a478   0x00000188   Code   RO         8076    i.HAL_GPIO_Init     stm32f4xx_hal_gpio.o
    0x0800a600   0x0000000a   Code   RO         8078    i.HAL_GPIO_ReadPin  stm32f4xx_hal_gpio.o
    0x0800a60a   0x0000000a   Code   RO         8080    i.HAL_GPIO_WritePin  stm32f4xx_hal_gpio.o
    0x0800a614   0x0000000c   Code   RO         7215    i.HAL_GetTick       stm32f4xx_hal.o
    0x0800a620   0x00000032   Code   RO         8140    i.HAL_I2C_DeInit    stm32f4xx_hal_i2c.o
    0x0800a652   0x00000006   Code   RO         8148    i.HAL_I2C_GetState  stm32f4xx_hal_i2c.o
    0x0800a658   0x00000108   Code   RO         8149    i.HAL_I2C_Init      stm32f4xx_hal_i2c.o
    0x0800a760   0x000001d4   Code   RO         8165    i.HAL_I2C_Mem_Read  stm32f4xx_hal_i2c.o
    0x0800a934   0x000000f4   Code   RO         8168    i.HAL_I2C_Mem_Write  stm32f4xx_hal_i2c.o
    0x0800aa28   0x00000002   Code   RO         8171    i.HAL_I2C_MspDeInit  stm32f4xx_hal_i2c.o
    0x0800aa2a   0x00000002   Code   RO         8172    i.HAL_I2C_MspInit   stm32f4xx_hal_i2c.o
    0x0800aa2c   0x00000010   Code   RO         7216    i.HAL_IncTick       stm32f4xx_hal.o
    0x0800aa3c   0x00000034   Code   RO         7217    i.HAL_Init          stm32f4xx_hal.o
    0x0800aa70   0x00000022   Code   RO         7218    i.HAL_InitTick      stm32f4xx_hal.o
    0x0800aa92   0x00000002   Code   RO         7220    i.HAL_MspInit       stm32f4xx_hal.o
    0x0800aa94   0x0000001a   Code   RO         7627    i.HAL_NVIC_EnableIRQ  stm32f4xx_hal_cortex.o
    0x0800aaae   0x00000002   PAD
    0x0800aab0   0x00000040   Code   RO         7633    i.HAL_NVIC_SetPriority  stm32f4xx_hal_cortex.o
    0x0800aaf0   0x00000024   Code   RO         7634    i.HAL_NVIC_SetPriorityGrouping  stm32f4xx_hal_cortex.o
    0x0800ab14   0x0000014c   Code   RO         8667    i.HAL_RCCEx_PeriphCLKConfig  stm32f4xx_hal_rcc_ex.o
    0x0800ac60   0x00000140   Code   RO         8562    i.HAL_RCC_ClockConfig  stm32f4xx_hal_rcc.o
    0x0800ada0   0x00000034   Code   RO         8567    i.HAL_RCC_GetHCLKFreq  stm32f4xx_hal_rcc.o
    0x0800add4   0x0000002c   Code   RO         8569    i.HAL_RCC_GetPCLK1Freq  stm32f4xx_hal_rcc.o
    0x0800ae00   0x0000002c   Code   RO         8570    i.HAL_RCC_GetPCLK2Freq  stm32f4xx_hal_rcc.o
    0x0800ae2c   0x00000070   Code   RO         8571    i.HAL_RCC_GetSysClockFreq  stm32f4xx_hal_rcc.o
    0x0800ae9c   0x000002e4   Code   RO         8574    i.HAL_RCC_OscConfig  stm32f4xx_hal_rcc.o
    0x0800b180   0x00000044   Code   RO         8707    i.HAL_RTC_GetDate   stm32f4xx_hal_rtc.o
    0x0800b1c4   0x00000058   Code   RO         8709    i.HAL_RTC_GetTime   stm32f4xx_hal_rtc.o
    0x0800b21c   0x0000009c   Code   RO         8710    i.HAL_RTC_Init      stm32f4xx_hal_rtc.o
    0x0800b2b8   0x00000074   Code   RO        10794    i.HAL_RTC_MspInit   stm32f4xx_hal_msp.o
    0x0800b32c   0x000000d0   Code   RO         8716    i.HAL_RTC_SetDate   stm32f4xx_hal_rtc.o
    0x0800b3fc   0x000000f0   Code   RO         8717    i.HAL_RTC_SetTime   stm32f4xx_hal_rtc.o
    0x0800b4ec   0x00000036   Code   RO         8718    i.HAL_RTC_WaitForSynchro  stm32f4xx_hal_rtc.o
    0x0800b522   0x00000028   Code   RO         7638    i.HAL_SYSTICK_Config  stm32f4xx_hal_cortex.o
    0x0800b54a   0x00000002   Code   RO         9977    i.HAL_TIMEx_BreakCallback  stm32f4xx_hal_tim_ex.o
    0x0800b54c   0x00000002   Code   RO         9978    i.HAL_TIMEx_CommutationCallback  stm32f4xx_hal_tim_ex.o
    0x0800b54e   0x00000002   Code   RO         9377    i.HAL_TIM_IC_CaptureCallback  stm32f4xx_hal_tim.o
    0x0800b550   0x00000166   Code   RO         9390    i.HAL_TIM_IRQHandler  stm32f4xx_hal_tim.o
    0x0800b6b6   0x00000056   Code   RO         9391    i.HAL_TIM_OC_ConfigChannel  stm32f4xx_hal_tim.o
    0x0800b70c   0x0000000c   Code   RO        10672    i.HAL_TIM_OC_DelayElapsedCallback  main.o
    0x0800b718   0x00000036   Code   RO         9395    i.HAL_TIM_OC_Init   stm32f4xx_hal_tim.o
    0x0800b74e   0x00000002   PAD
    0x0800b750   0x0000002c   Code   RO        10796    i.HAL_TIM_OC_MspInit  stm32f4xx_hal_msp.o
    0x0800b77c   0x00000060   Code   RO         9400    i.HAL_TIM_OC_Start_IT  stm32f4xx_hal_tim.o
    0x0800b7dc   0x0000004c   Code   RO         9401    i.HAL_TIM_OC_Stop   stm32f4xx_hal_tim.o
    0x0800b828   0x00000002   Code   RO         9420    i.HAL_TIM_PWM_PulseFinishedCallback  stm32f4xx_hal_tim.o
    0x0800b82a   0x00000002   Code   RO         9427    i.HAL_TIM_PeriodElapsedCallback  stm32f4xx_hal_tim.o
    0x0800b82c   0x00000002   Code   RO         9431    i.HAL_TIM_TriggerCallback  stm32f4xx_hal_tim.o
    0x0800b82e   0x00000002   Code   RO        10228    i.HAL_UART_ErrorCallback  stm32f4xx_hal_uart.o
    0x0800b830   0x00000062   Code   RO        10232    i.HAL_UART_Init     stm32f4xx_hal_uart.o
    0x0800b892   0x00000002   Code   RO        10234    i.HAL_UART_MspInit  stm32f4xx_hal_uart.o
    0x0800b894   0x00000078   Code   RO        10236    i.HAL_UART_Receive_DMA  stm32f4xx_hal_uart.o
    0x0800b90c   0x00000002   Code   RO        10238    i.HAL_UART_RxCpltCallback  stm32f4xx_hal_uart.o
    0x0800b90e   0x00000002   Code   RO        10239    i.HAL_UART_RxHalfCpltCallback  stm32f4xx_hal_uart.o
    0x0800b910   0x000000aa   Code   RO        10240    i.HAL_UART_Transmit  stm32f4xx_hal_uart.o
    0x0800b9ba   0x00000030   Code   RO            1    i.HTS221_Activate   hts221_driver.o
    0x0800b9ea   0x00000028   Code   RO          245    i.HTS221_Check_WhoAmI  hts221_driver_hl.o
    0x0800ba12   0x00000030   Code   RO            2    i.HTS221_DeActivate  hts221_driver.o
    0x0800ba42   0x0000002e   Code   RO            6    i.HTS221_Get_DataStatus  hts221_driver.o
    0x0800ba70   0x00000014   Code   RO            7    i.HTS221_Get_DeviceID  hts221_driver.o
    0x0800ba84   0x000000cc   Code   RO           10    i.HTS221_Get_Humidity  hts221_driver.o
    0x0800bb50   0x00000050   Code   RO          246    i.HTS221_Get_ODR    hts221_driver_hl.o
    0x0800bba0   0x00000026   Code   RO           17    i.HTS221_Get_Odr    hts221_driver.o
    0x0800bbc6   0x000000ba   Code   RO           20    i.HTS221_Get_Temperature  hts221_driver.o
    0x0800bc80   0x0000000e   Code   RO          247    i.HTS221_Get_WhoAmI  hts221_driver_hl.o
    0x0800bc8e   0x00000004   Code   RO          248    i.HTS221_H_Check_WhoAmI  hts221_driver_hl.o
    0x0800bc92   0x00000026   Code   RO          249    i.HTS221_H_DeInit   hts221_driver_hl.o
    0x0800bcb8   0x00000024   Code   RO          250    i.HTS221_H_Get_DRDY_Status  hts221_driver_hl.o
    0x0800bcdc   0x00000030   Code   RO          251    i.HTS221_H_Get_Hum  hts221_driver_hl.o
    0x0800bd0c   0x00000004   Code   RO          252    i.HTS221_H_Get_ODR  hts221_driver_hl.o
    0x0800bd10   0x00000004   Code   RO          253    i.HTS221_H_Get_WhoAmI  hts221_driver_hl.o
    0x0800bd14   0x00000028   Code   RO          254    i.HTS221_H_Init     hts221_driver_hl.o
    0x0800bd3c   0x0000000e   Code   RO          255    i.HTS221_H_Read_Reg  hts221_driver_hl.o
    0x0800bd4a   0x0000002c   Code   RO          256    i.HTS221_H_Sensor_Disable  hts221_driver_hl.o
    0x0800bd76   0x00000032   Code   RO          257    i.HTS221_H_Sensor_Enable  hts221_driver_hl.o
    0x0800bda8   0x00000004   Code   RO          258    i.HTS221_H_Set_ODR  hts221_driver_hl.o
    0x0800bdac   0x00000004   Code   RO          259    i.HTS221_H_Set_ODR_Value  hts221_driver_hl.o
    0x0800bdb0   0x0000000e   Code   RO          260    i.HTS221_H_Write_Reg  hts221_driver_hl.o
    0x0800bdbe   0x00000032   Code   RO          261    i.HTS221_Init       hts221_driver_hl.o
    0x0800bdf0   0x0000001c   Code   RO           24    i.HTS221_ReadReg    hts221_driver.o
    0x0800be0c   0x00000012   Code   RO          262    i.HTS221_Read_Reg   hts221_driver_hl.o
    0x0800be1e   0x0000000e   Code   RO          263    i.HTS221_Sensor_Disable  hts221_driver_hl.o
    0x0800be2c   0x0000000e   Code   RO          264    i.HTS221_Sensor_Enable  hts221_driver_hl.o
    0x0800be3a   0x00000002   PAD
    0x0800be3c   0x00000088   Code   RO           28    i.HTS221_Set_BduMode  hts221_driver.o
    0x0800bec4   0x00000026   Code   RO          265    i.HTS221_Set_ODR    hts221_driver_hl.o
    0x0800beea   0x00000002   PAD
    0x0800beec   0x00000030   Code   RO          266    i.HTS221_Set_ODR_Value  hts221_driver_hl.o
    0x0800bf1c   0x0000008c   Code   RO           34    i.HTS221_Set_Odr    hts221_driver.o
    0x0800bfa8   0x00000004   Code   RO          267    i.HTS221_T_Check_WhoAmI  hts221_driver_hl.o
    0x0800bfac   0x00000026   Code   RO          268    i.HTS221_T_DeInit   hts221_driver_hl.o
    0x0800bfd2   0x00000024   Code   RO          269    i.HTS221_T_Get_DRDY_Status  hts221_driver_hl.o
    0x0800bff6   0x00000004   Code   RO          270    i.HTS221_T_Get_ODR  hts221_driver_hl.o
    0x0800bffa   0x00000030   Code   RO          271    i.HTS221_T_Get_Temp  hts221_driver_hl.o
    0x0800c02a   0x00000004   Code   RO          272    i.HTS221_T_Get_WhoAmI  hts221_driver_hl.o
    0x0800c02e   0x00000028   Code   RO          273    i.HTS221_T_Init     hts221_driver_hl.o
    0x0800c056   0x0000000e   Code   RO          274    i.HTS221_T_Read_Reg  hts221_driver_hl.o
    0x0800c064   0x0000002c   Code   RO          275    i.HTS221_T_Sensor_Disable  hts221_driver_hl.o
    0x0800c090   0x00000032   Code   RO          276    i.HTS221_T_Sensor_Enable  hts221_driver_hl.o
    0x0800c0c2   0x00000004   Code   RO          277    i.HTS221_T_Set_ODR  hts221_driver_hl.o
    0x0800c0c6   0x00000004   Code   RO          278    i.HTS221_T_Set_ODR_Value  hts221_driver_hl.o
    0x0800c0ca   0x0000000e   Code   RO          279    i.HTS221_T_Write_Reg  hts221_driver_hl.o
    0x0800c0d8   0x0000001c   Code   RO           37    i.HTS221_WriteReg   hts221_driver.o
    0x0800c0f4   0x00000012   Code   RO          280    i.HTS221_Write_Reg  hts221_driver_hl.o
    0x0800c106   0x00000002   PAD
    0x0800c108   0x0000003c   Code   RO           38    i.HTS221_assert_failed  hts221_driver.o
    0x0800c144   0x000001e8   Code   RO        10462    i.HandleMSG         demoserial.o
    0x0800c32c   0x00000002   Code   RO        10840    i.HardFault_Handler  stm32f4xx_it.o
    0x0800c32e   0x00000002   PAD
    0x0800c330   0x00000068   Code   RO        10673    i.Humidity_Sensor_Handler  main.o
    0x0800c398   0x00000014   Code   RO         5628    i.I2C_EXPBD_Error   x_nucleo_iks01a2.o
    0x0800c3ac   0x0000004c   Code   RO         5629    i.I2C_EXPBD_Init    x_nucleo_iks01a2.o
    0x0800c3f8   0x00000088   Code   RO         5630    i.I2C_EXPBD_MspInit  x_nucleo_iks01a2.o
    0x0800c480   0x00000028   Code   RO         8190    i.I2C_IsAcknowledgeFailed  stm32f4xx_hal_i2c.o
    0x0800c4a8   0x000000e2   Code   RO         8196    i.I2C_RequestMemoryRead  stm32f4xx_hal_i2c.o
    0x0800c58a   0x00000002   PAD
    0x0800c58c   0x00000098   Code   RO         8197    i.I2C_RequestMemoryWrite  stm32f4xx_hal_i2c.o
    0x0800c624   0x0000008e   Code   RO         8200    i.I2C_WaitOnFlagUntilTimeout  stm32f4xx_hal_i2c.o
    0x0800c6b2   0x00000002   PAD
    0x0800c6b4   0x0000008c   Code   RO         8201    i.I2C_WaitOnMasterAddressFlagUntilTimeout  stm32f4xx_hal_i2c.o
    0x0800c740   0x00000068   Code   RO         8202    i.I2C_WaitOnRXNEFlagUntilTimeout  stm32f4xx_hal_i2c.o
    0x0800c7a8   0x00000052   Code   RO         8204    i.I2C_WaitOnTXEFlagUntilTimeout  stm32f4xx_hal_i2c.o
    0x0800c7fa   0x00000002   PAD
    0x0800c7fc   0x00000018   Code   RO        10463    i.INIT_STREAMING_HEADER  demoserial.o
    0x0800c814   0x00000028   Code   RO          846    i.LPS22HB_Check_WhoAmI  lps22hb_driver_hl.o
    0x0800c83c   0x0000001e   Code   RO          847    i.LPS22HB_FIFO_Get_Data  lps22hb_driver_hl.o
    0x0800c85a   0x00000018   Code   RO          848    i.LPS22HB_FIFO_Get_Empty_Status  lps22hb_driver_hl.o
    0x0800c872   0x00000018   Code   RO          849    i.LPS22HB_FIFO_Get_Fth_Status  lps22hb_driver_hl.o
    0x0800c88a   0x00000018   Code   RO          850    i.LPS22HB_FIFO_Get_Full_Status  lps22hb_driver_hl.o
    0x0800c8a2   0x00000018   Code   RO          851    i.LPS22HB_FIFO_Get_Mode  lps22hb_driver_hl.o
    0x0800c8ba   0x00000018   Code   RO          852    i.LPS22HB_FIFO_Get_Num_Of_Samples  lps22hb_driver_hl.o
    0x0800c8d2   0x00000018   Code   RO          853    i.LPS22HB_FIFO_Get_Ovr_Status  lps22hb_driver_hl.o
    0x0800c8ea   0x0000000e   Code   RO          854    i.LPS22HB_FIFO_Get_Watermark_Level  lps22hb_driver_hl.o
    0x0800c8f8   0x0000002e   Code   RO          855    i.LPS22HB_FIFO_Reset_Interrupt  lps22hb_driver_hl.o
    0x0800c926   0x0000002e   Code   RO          856    i.LPS22HB_FIFO_Set_Interrupt  lps22hb_driver_hl.o
    0x0800c954   0x0000002c   Code   RO          857    i.LPS22HB_FIFO_Set_Mode  lps22hb_driver_hl.o
    0x0800c980   0x0000000e   Code   RO          858    i.LPS22HB_FIFO_Set_Watermark_Level  lps22hb_driver_hl.o
    0x0800c98e   0x00000018   Code   RO          859    i.LPS22HB_FIFO_Stop_On_Fth  lps22hb_driver_hl.o
    0x0800c9a6   0x00000018   Code   RO          860    i.LPS22HB_FIFO_Usage  lps22hb_driver_hl.o
    0x0800c9be   0x00000018   Code   RO          861    i.LPS22HB_FIFO_Watermark_Usage  lps22hb_driver_hl.o
    0x0800c9d6   0x00000038   Code   RO          460    i.LPS22HB_Get_DataStatus  lps22hb_driver.o
    0x0800ca0e   0x00000014   Code   RO          461    i.LPS22HB_Get_DeviceID  lps22hb_driver.o
    0x0800ca22   0x00000026   Code   RO          464    i.LPS22HB_Get_FifoMode  lps22hb_driver.o
    0x0800ca48   0x00000046   Code   RO          465    i.LPS22HB_Get_FifoStatus  lps22hb_driver.o
    0x0800ca8e   0x00000020   Code   RO          466    i.LPS22HB_Get_FifoWatermarkLevel  lps22hb_driver.o
    0x0800caae   0x00000002   PAD
    0x0800cab0   0x00000070   Code   RO          862    i.LPS22HB_Get_ODR   lps22hb_driver_hl.o
    0x0800cb20   0x00000022   Code   RO          472    i.LPS22HB_Get_Odr   lps22hb_driver.o
    0x0800cb42   0x00000002   PAD
    0x0800cb44   0x00000030   Code   RO          863    i.LPS22HB_Get_Press  lps22hb_driver_hl.o
    0x0800cb74   0x00000024   Code   RO          474    i.LPS22HB_Get_Pressure  lps22hb_driver.o
    0x0800cb98   0x0000003a   Code   RO          477    i.LPS22HB_Get_RawPressure  lps22hb_driver.o
    0x0800cbd2   0x00000026   Code   RO          478    i.LPS22HB_Get_RawTemperature  lps22hb_driver.o
    0x0800cbf8   0x00000030   Code   RO          864    i.LPS22HB_Get_Temp  lps22hb_driver_hl.o
    0x0800cc28   0x00000026   Code   RO          481    i.LPS22HB_Get_Temperature  lps22hb_driver.o
    0x0800cc4e   0x0000000e   Code   RO          865    i.LPS22HB_Get_WhoAmI  lps22hb_driver_hl.o
    0x0800cc5c   0x00000062   Code   RO          866    i.LPS22HB_Initialize  lps22hb_driver_hl.o
    0x0800ccbe   0x00000004   Code   RO          867    i.LPS22HB_P_Check_WhoAmI  lps22hb_driver_hl.o
    0x0800ccc2   0x00000020   Code   RO          868    i.LPS22HB_P_DeInit  lps22hb_driver_hl.o
    0x0800cce2   0x00000018   Code   RO          869    i.LPS22HB_P_Get_DRDY_Status  lps22hb_driver_hl.o
    0x0800ccfa   0x00000004   Code   RO          870    i.LPS22HB_P_Get_ODR  lps22hb_driver_hl.o
    0x0800ccfe   0x00000004   Code   RO          871    i.LPS22HB_P_Get_Press  lps22hb_driver_hl.o
    0x0800cd02   0x00000004   Code   RO          872    i.LPS22HB_P_Get_WhoAmI  lps22hb_driver_hl.o
    0x0800cd06   0x00000024   Code   RO          873    i.LPS22HB_P_Init    lps22hb_driver_hl.o
    0x0800cd2a   0x0000000e   Code   RO          874    i.LPS22HB_P_Read_Reg  lps22hb_driver_hl.o
    0x0800cd38   0x00000028   Code   RO          875    i.LPS22HB_P_Sensor_Disable  lps22hb_driver_hl.o
    0x0800cd60   0x0000002a   Code   RO          876    i.LPS22HB_P_Sensor_Enable  lps22hb_driver_hl.o
    0x0800cd8a   0x00000020   Code   RO          877    i.LPS22HB_P_Set_ODR  lps22hb_driver_hl.o
    0x0800cdaa   0x00000020   Code   RO          878    i.LPS22HB_P_Set_ODR_Value  lps22hb_driver_hl.o
    0x0800cdca   0x0000000e   Code   RO          879    i.LPS22HB_P_Write_Reg  lps22hb_driver_hl.o
    0x0800cdd8   0x00000030   Code   RO          486    i.LPS22HB_ReadReg   lps22hb_driver.o
    0x0800ce08   0x00000012   Code   RO          880    i.LPS22HB_Read_Reg  lps22hb_driver_hl.o
    0x0800ce1a   0x00000002   PAD
    0x0800ce1c   0x00000054   Code   RO         5631    i.LPS22HB_Sensor_IO_ITConfig  x_nucleo_iks01a2.o
    0x0800ce70   0x00000036   Code   RO          491    i.LPS22HB_Set_AutomaticIncrementRegAddress  lps22hb_driver.o
    0x0800cea6   0x00000038   Code   RO          492    i.LPS22HB_Set_Bdu   lps22hb_driver.o
    0x0800cede   0x00000036   Code   RO          495    i.LPS22HB_Set_FIFO_FTH_Interrupt  lps22hb_driver.o
    0x0800cf14   0x00000036   Code   RO          496    i.LPS22HB_Set_FIFO_FULL_Interrupt  lps22hb_driver.o
    0x0800cf4a   0x00000036   Code   RO          497    i.LPS22HB_Set_FIFO_OVR_Interrupt  lps22hb_driver.o
    0x0800cf80   0x00000034   Code   RO          499    i.LPS22HB_Set_FifoMode  lps22hb_driver.o
    0x0800cfb4   0x00000036   Code   RO          500    i.LPS22HB_Set_FifoModeUse  lps22hb_driver.o
    0x0800cfea   0x00000034   Code   RO          501    i.LPS22HB_Set_FifoWatermarkLevel  lps22hb_driver.o
    0x0800d01e   0x00000036   Code   RO          502    i.LPS22HB_Set_FifoWatermarkLevelUse  lps22hb_driver.o
    0x0800d054   0x00000036   Code   RO          510    i.LPS22HB_Set_LowPassFilter  lps22hb_driver.o
    0x0800d08a   0x00000034   Code   RO          511    i.LPS22HB_Set_LowPassFilterCutoff  lps22hb_driver.o
    0x0800d0be   0x00000002   PAD
    0x0800d0c0   0x00000060   Code   RO          881    i.LPS22HB_Set_ODR_Value_When_Disabled  lps22hb_driver_hl.o
    0x0800d120   0x00000068   Code   RO          882    i.LPS22HB_Set_ODR_Value_When_Enabled  lps22hb_driver_hl.o
    0x0800d188   0x00000040   Code   RO          883    i.LPS22HB_Set_ODR_When_Disabled  lps22hb_driver_hl.o
    0x0800d1c8   0x00000044   Code   RO          884    i.LPS22HB_Set_ODR_When_Enabled  lps22hb_driver_hl.o
    0x0800d20c   0x00000034   Code   RO          512    i.LPS22HB_Set_Odr   lps22hb_driver.o
    0x0800d240   0x00000034   Code   RO          515    i.LPS22HB_Set_PowerMode  lps22hb_driver.o
    0x0800d274   0x00000004   Code   RO          885    i.LPS22HB_T_Check_WhoAmI  lps22hb_driver_hl.o
    0x0800d278   0x00000020   Code   RO          886    i.LPS22HB_T_DeInit  lps22hb_driver_hl.o
    0x0800d298   0x00000018   Code   RO          887    i.LPS22HB_T_Get_DRDY_Status  lps22hb_driver_hl.o
    0x0800d2b0   0x00000004   Code   RO          888    i.LPS22HB_T_Get_ODR  lps22hb_driver_hl.o
    0x0800d2b4   0x00000004   Code   RO          889    i.LPS22HB_T_Get_Temp  lps22hb_driver_hl.o
    0x0800d2b8   0x00000004   Code   RO          890    i.LPS22HB_T_Get_WhoAmI  lps22hb_driver_hl.o
    0x0800d2bc   0x00000024   Code   RO          891    i.LPS22HB_T_Init    lps22hb_driver_hl.o
    0x0800d2e0   0x0000000e   Code   RO          892    i.LPS22HB_T_Read_Reg  lps22hb_driver_hl.o
    0x0800d2ee   0x00000028   Code   RO          893    i.LPS22HB_T_Sensor_Disable  lps22hb_driver_hl.o
    0x0800d316   0x0000002a   Code   RO          894    i.LPS22HB_T_Sensor_Enable  lps22hb_driver_hl.o
    0x0800d340   0x00000020   Code   RO          895    i.LPS22HB_T_Set_ODR  lps22hb_driver_hl.o
    0x0800d360   0x00000020   Code   RO          896    i.LPS22HB_T_Set_ODR_Value  lps22hb_driver_hl.o
    0x0800d380   0x0000000e   Code   RO          897    i.LPS22HB_T_Write_Reg  lps22hb_driver_hl.o
    0x0800d38e   0x00000030   Code   RO          521    i.LPS22HB_WriteReg  lps22hb_driver.o
    0x0800d3be   0x00000012   Code   RO          898    i.LPS22HB_Write_Reg  lps22hb_driver_hl.o
    0x0800d3d0   0x00000118   Code   RO         3473    i.LSM303AGR_ACC_Get_Acceleration  lsm303agr_acc_driver.o
    0x0800d4e8   0x00000040   Code   RO         3474    i.LSM303AGR_ACC_Get_Raw_Acceleration  lsm303agr_acc_driver.o
    0x0800d528   0x0000001e   Code   RO         3510    i.LSM303AGR_ACC_R_FullScale  lsm303agr_acc_driver.o
    0x0800d546   0x0000001e   Code   RO         3511    i.LSM303AGR_ACC_R_HiRes  lsm303agr_acc_driver.o
    0x0800d564   0x0000001e   Code   RO         3549    i.LSM303AGR_ACC_R_LOWPWR_EN  lsm303agr_acc_driver.o
    0x0800d582   0x0000001e   Code   RO         3553    i.LSM303AGR_ACC_R_ODR  lsm303agr_acc_driver.o
    0x0800d5a0   0x00000014   Code   RO         3562    i.LSM303AGR_ACC_R_WHO_AM_I  lsm303agr_acc_driver.o
    0x0800d5b4   0x0000001e   Code   RO         3564    i.LSM303AGR_ACC_R_XDataAvail  lsm303agr_acc_driver.o
    0x0800d5d2   0x0000001e   Code   RO         3567    i.LSM303AGR_ACC_R_XEN  lsm303agr_acc_driver.o
    0x0800d5f0   0x0000001e   Code   RO         3574    i.LSM303AGR_ACC_R_YEN  lsm303agr_acc_driver.o
    0x0800d60e   0x0000001e   Code   RO         3579    i.LSM303AGR_ACC_R_ZEN  lsm303agr_acc_driver.o
    0x0800d62c   0x00000018   Code   RO         3591    i.LSM303AGR_ACC_ReadReg  lsm303agr_acc_driver.o
    0x0800d644   0x00000036   Code   RO         3595    i.LSM303AGR_ACC_W_BlockDataUpdate  lsm303agr_acc_driver.o
    0x0800d67a   0x00000036   Code   RO         3611    i.LSM303AGR_ACC_W_FifoMode  lsm303agr_acc_driver.o
    0x0800d6b0   0x00000036   Code   RO         3613    i.LSM303AGR_ACC_W_FullScale  lsm303agr_acc_driver.o
    0x0800d6e6   0x00000036   Code   RO         3642    i.LSM303AGR_ACC_W_ODR  lsm303agr_acc_driver.o
    0x0800d71c   0x00000036   Code   RO         3651    i.LSM303AGR_ACC_W_XEN  lsm303agr_acc_driver.o
    0x0800d752   0x00000036   Code   RO         3654    i.LSM303AGR_ACC_W_YEN  lsm303agr_acc_driver.o
    0x0800d788   0x00000036   Code   RO         3657    i.LSM303AGR_ACC_W_ZEN  lsm303agr_acc_driver.o
    0x0800d7be   0x00000018   Code   RO         3664    i.LSM303AGR_ACC_WriteReg  lsm303agr_acc_driver.o
    0x0800d7d6   0x00000040   Code   RO         4758    i.LSM303AGR_MAG_Get_Raw_Magnetic  lsm303agr_mag_driver.o
    0x0800d816   0x0000001e   Code   RO         4776    i.LSM303AGR_MAG_R_ODR  lsm303agr_mag_driver.o
    0x0800d834   0x00000014   Code   RO         4790    i.LSM303AGR_MAG_R_WHO_AM_I  lsm303agr_mag_driver.o
    0x0800d848   0x0000001e   Code   RO         4800    i.LSM303AGR_MAG_R_ZYXDA  lsm303agr_mag_driver.o
    0x0800d866   0x00000018   Code   RO         4802    i.LSM303AGR_MAG_ReadReg  lsm303agr_mag_driver.o
    0x0800d87e   0x00000036   Code   RO         4805    i.LSM303AGR_MAG_W_BDU  lsm303agr_mag_driver.o
    0x0800d8b4   0x00000036   Code   RO         4816    i.LSM303AGR_MAG_W_MD  lsm303agr_mag_driver.o
    0x0800d8ea   0x00000036   Code   RO         4817    i.LSM303AGR_MAG_W_ODR  lsm303agr_mag_driver.o
    0x0800d920   0x00000036   Code   RO         4827    i.LSM303AGR_MAG_W_ST  lsm303agr_mag_driver.o
    0x0800d956   0x00000018   Code   RO         4831    i.LSM303AGR_MAG_WriteReg  lsm303agr_mag_driver.o
    0x0800d96e   0x00000028   Code   RO         5219    i.LSM303AGR_M_Check_WhoAmI  lsm303agr_mag_driver_hl.o
    0x0800d996   0x0000001c   Code   RO         5220    i.LSM303AGR_M_DeInit  lsm303agr_mag_driver_hl.o
    0x0800d9b2   0x0000005e   Code   RO         5221    i.LSM303AGR_M_Get_Axes  lsm303agr_mag_driver_hl.o
    0x0800da10   0x00000024   Code   RO         5222    i.LSM303AGR_M_Get_AxesRaw  lsm303agr_mag_driver_hl.o
    0x0800da34   0x0000002c   Code   RO         5223    i.LSM303AGR_M_Get_Axes_Raw  lsm303agr_mag_driver_hl.o
    0x0800da60   0x00000022   Code   RO         5224    i.LSM303AGR_M_Get_DRDY_Status  lsm303agr_mag_driver_hl.o
    0x0800da82   0x00000002   PAD
    0x0800da84   0x00000010   Code   RO         5225    i.LSM303AGR_M_Get_FS  lsm303agr_mag_driver_hl.o
    0x0800da94   0x00000050   Code   RO         5226    i.LSM303AGR_M_Get_ODR  lsm303agr_mag_driver_hl.o
    0x0800dae4   0x0000000c   Code   RO         5227    i.LSM303AGR_M_Get_Sensitivity  lsm303agr_mag_driver_hl.o
    0x0800daf0   0x00000010   Code   RO         5228    i.LSM303AGR_M_Get_WhoAmI  lsm303agr_mag_driver_hl.o
    0x0800db00   0x00000042   Code   RO         5229    i.LSM303AGR_M_Init  lsm303agr_mag_driver_hl.o
    0x0800db42   0x00000012   Code   RO         5230    i.LSM303AGR_M_Read_Reg  lsm303agr_mag_driver_hl.o
    0x0800db54   0x0000001e   Code   RO         5231    i.LSM303AGR_M_Sensor_Disable  lsm303agr_mag_driver_hl.o
    0x0800db72   0x00000020   Code   RO         5232    i.LSM303AGR_M_Sensor_Enable  lsm303agr_mag_driver_hl.o
    0x0800db92   0x00000004   Code   RO         5233    i.LSM303AGR_M_Set_FS  lsm303agr_mag_driver_hl.o
    0x0800db96   0x00000004   Code   RO         5234    i.LSM303AGR_M_Set_FS_Value  lsm303agr_mag_driver_hl.o
    0x0800db9a   0x0000002c   Code   RO         5235    i.LSM303AGR_M_Set_ODR  lsm303agr_mag_driver_hl.o
    0x0800dbc6   0x00000002   PAD
    0x0800dbc8   0x00000048   Code   RO         5236    i.LSM303AGR_M_Set_ODR_Value  lsm303agr_mag_driver_hl.o
    0x0800dc10   0x00000014   Code   RO         5237    i.LSM303AGR_M_Write_Reg  lsm303agr_mag_driver_hl.o
    0x0800dc24   0x00000028   Code   RO         4633    i.LSM303AGR_X_Check_WhoAmI  lsm303agr_acc_driver_hl.o
    0x0800dc4c   0x00000030   Code   RO         4634    i.LSM303AGR_X_DeInit  lsm303agr_acc_driver_hl.o
    0x0800dc7c   0x00000020   Code   RO         4635    i.LSM303AGR_X_Get_Axes  lsm303agr_acc_driver_hl.o
    0x0800dc9c   0x00000024   Code   RO         4636    i.LSM303AGR_X_Get_AxesRaw  lsm303agr_acc_driver_hl.o
    0x0800dcc0   0x0000006e   Code   RO         4637    i.LSM303AGR_X_Get_Axes_Raw  lsm303agr_acc_driver_hl.o
    0x0800dd2e   0x00000056   Code   RO         4638    i.LSM303AGR_X_Get_Axes_Status  lsm303agr_acc_driver_hl.o
    0x0800dd84   0x00000020   Code   RO         4639    i.LSM303AGR_X_Get_DRDY_Status  lsm303agr_acc_driver_hl.o
    0x0800dda4   0x00000048   Code   RO         4640    i.LSM303AGR_X_Get_FS  lsm303agr_acc_driver_hl.o
    0x0800ddec   0x00000084   Code   RO         4641    i.LSM303AGR_X_Get_ODR  lsm303agr_acc_driver_hl.o
    0x0800de70   0x0000012c   Code   RO         4642    i.LSM303AGR_X_Get_Sensitivity  lsm303agr_acc_driver_hl.o
    0x0800df9c   0x00000010   Code   RO         4643    i.LSM303AGR_X_Get_WhoAmI  lsm303agr_acc_driver_hl.o
    0x0800dfac   0x0000006c   Code   RO         4644    i.LSM303AGR_X_Init  lsm303agr_acc_driver_hl.o
    0x0800e018   0x00000012   Code   RO         4645    i.LSM303AGR_X_Read_Reg  lsm303agr_acc_driver_hl.o
    0x0800e02a   0x0000002c   Code   RO         4646    i.LSM303AGR_X_Sensor_Disable  lsm303agr_acc_driver_hl.o
    0x0800e056   0x00000024   Code   RO         4647    i.LSM303AGR_X_Sensor_Enable  lsm303agr_acc_driver_hl.o
    0x0800e07a   0x0000004a   Code   RO         4648    i.LSM303AGR_X_Set_Axes_Status  lsm303agr_acc_driver_hl.o
    0x0800e0c4   0x00000022   Code   RO         4649    i.LSM303AGR_X_Set_FS  lsm303agr_acc_driver_hl.o
    0x0800e0e6   0x0000003c   Code   RO         4650    i.LSM303AGR_X_Set_FS_Value  lsm303agr_acc_driver_hl.o
    0x0800e122   0x00000002   PAD
    0x0800e124   0x00000074   Code   RO         4651    i.LSM303AGR_X_Set_ODR  lsm303agr_acc_driver_hl.o
    0x0800e198   0x000000a8   Code   RO         4652    i.LSM303AGR_X_Set_ODR_Value  lsm303agr_acc_driver_hl.o
    0x0800e240   0x0000007c   Code   RO         4653    i.LSM303AGR_X_Set_ODR_Value_When_Enabled  lsm303agr_acc_driver_hl.o
    0x0800e2bc   0x00000014   Code   RO         4654    i.LSM303AGR_X_Write_Reg  lsm303agr_acc_driver_hl.o
    0x0800e2d0   0x00000040   Code   RO         1130    i.LSM6DSL_ACC_GYRO_GetRawAccData  lsm6dsl_acc_gyro_driver.o
    0x0800e310   0x00000040   Code   RO         1131    i.LSM6DSL_ACC_GYRO_GetRawGyroData  lsm6dsl_acc_gyro_driver.o
    0x0800e350   0x00000040   Code   RO         1132    i.LSM6DSL_ACC_GYRO_Get_GetFIFOData  lsm6dsl_acc_gyro_driver.o
    0x0800e390   0x00000040   Code   RO         1133    i.LSM6DSL_ACC_GYRO_Get_GetStepCounter  lsm6dsl_acc_gyro_driver.o
    0x0800e3d0   0x0000001e   Code   RO         1145    i.LSM6DSL_ACC_GYRO_R_D6D_EV_STATUS  lsm6dsl_acc_gyro_driver.o
    0x0800e3ee   0x0000001e   Code   RO         1154    i.LSM6DSL_ACC_GYRO_R_DOUBLE_TAP_EV_STATUS  lsm6dsl_acc_gyro_driver.o
    0x0800e40c   0x0000001e   Code   RO         1163    i.LSM6DSL_ACC_GYRO_R_DSD_XH  lsm6dsl_acc_gyro_driver.o
    0x0800e42a   0x0000001e   Code   RO         1164    i.LSM6DSL_ACC_GYRO_R_DSD_XL  lsm6dsl_acc_gyro_driver.o
    0x0800e448   0x0000001e   Code   RO         1165    i.LSM6DSL_ACC_GYRO_R_DSD_YH  lsm6dsl_acc_gyro_driver.o
    0x0800e466   0x0000001e   Code   RO         1166    i.LSM6DSL_ACC_GYRO_R_DSD_YL  lsm6dsl_acc_gyro_driver.o
    0x0800e484   0x0000001e   Code   RO         1167    i.LSM6DSL_ACC_GYRO_R_DSD_ZH  lsm6dsl_acc_gyro_driver.o
    0x0800e4a2   0x0000001e   Code   RO         1168    i.LSM6DSL_ACC_GYRO_R_DSD_ZL  lsm6dsl_acc_gyro_driver.o
    0x0800e4c0   0x0000001e   Code   RO         1175    i.LSM6DSL_ACC_GYRO_R_FF_EV_STATUS  lsm6dsl_acc_gyro_driver.o
    0x0800e4de   0x0000001e   Code   RO         1177    i.LSM6DSL_ACC_GYRO_R_FIFOEmpty  lsm6dsl_acc_gyro_driver.o
    0x0800e4fc   0x0000001e   Code   RO         1178    i.LSM6DSL_ACC_GYRO_R_FIFOFull  lsm6dsl_acc_gyro_driver.o
    0x0800e51a   0x0000003a   Code   RO         1179    i.LSM6DSL_ACC_GYRO_R_FIFONumOfEntries  lsm6dsl_acc_gyro_driver.o
    0x0800e554   0x0000003a   Code   RO         1180    i.LSM6DSL_ACC_GYRO_R_FIFOPattern  lsm6dsl_acc_gyro_driver.o
    0x0800e58e   0x0000001e   Code   RO         1186    i.LSM6DSL_ACC_GYRO_R_FS_125  lsm6dsl_acc_gyro_driver.o
    0x0800e5ac   0x0000001e   Code   RO         1187    i.LSM6DSL_ACC_GYRO_R_FS_G  lsm6dsl_acc_gyro_driver.o
    0x0800e5ca   0x0000001e   Code   RO         1188    i.LSM6DSL_ACC_GYRO_R_FS_XL  lsm6dsl_acc_gyro_driver.o
    0x0800e5e8   0x0000001e   Code   RO         1192    i.LSM6DSL_ACC_GYRO_R_GDA  lsm6dsl_acc_gyro_driver.o
    0x0800e606   0x0000001e   Code   RO         1217    i.LSM6DSL_ACC_GYRO_R_ODR_G  lsm6dsl_acc_gyro_driver.o
    0x0800e624   0x0000001e   Code   RO         1218    i.LSM6DSL_ACC_GYRO_R_ODR_XL  lsm6dsl_acc_gyro_driver.o
    0x0800e642   0x0000001e   Code   RO         1219    i.LSM6DSL_ACC_GYRO_R_OVERRUN  lsm6dsl_acc_gyro_driver.o
    0x0800e660   0x0000001e   Code   RO         1224    i.LSM6DSL_ACC_GYRO_R_PEDO_EV_STATUS  lsm6dsl_acc_gyro_driver.o
    0x0800e67e   0x0000001e   Code   RO         1236    i.LSM6DSL_ACC_GYRO_R_SINGLE_TAP_EV_STATUS  lsm6dsl_acc_gyro_driver.o
    0x0800e69c   0x0000001e   Code   RO         1270    i.LSM6DSL_ACC_GYRO_R_TILT_EV_STATUS  lsm6dsl_acc_gyro_driver.o
    0x0800e6ba   0x00000014   Code   RO         1282    i.LSM6DSL_ACC_GYRO_R_WHO_AM_I  lsm6dsl_acc_gyro_driver.o
    0x0800e6ce   0x0000001e   Code   RO         1286    i.LSM6DSL_ACC_GYRO_R_WU_EV_STATUS  lsm6dsl_acc_gyro_driver.o
    0x0800e6ec   0x0000001e   Code   RO         1288    i.LSM6DSL_ACC_GYRO_R_XLDA  lsm6dsl_acc_gyro_driver.o
    0x0800e70a   0x00000010   Code   RO         1295    i.LSM6DSL_ACC_GYRO_ReadReg  lsm6dsl_acc_gyro_driver.o
    0x0800e71a   0x00000036   Code   RO         1300    i.LSM6DSL_ACC_GYRO_W_6DEvOnInt1  lsm6dsl_acc_gyro_driver.o
    0x0800e750   0x00000036   Code   RO         1302    i.LSM6DSL_ACC_GYRO_W_BASIC_INT  lsm6dsl_acc_gyro_driver.o
    0x0800e786   0x00000036   Code   RO         1303    i.LSM6DSL_ACC_GYRO_W_BDU  lsm6dsl_acc_gyro_driver.o
    0x0800e7bc   0x00000036   Code   RO         1313    i.LSM6DSL_ACC_GYRO_W_DEC_FIFO_G  lsm6dsl_acc_gyro_driver.o
    0x0800e7f2   0x00000036   Code   RO         1315    i.LSM6DSL_ACC_GYRO_W_DEC_FIFO_XL  lsm6dsl_acc_gyro_driver.o
    0x0800e828   0x0000003a   Code   RO         1328    i.LSM6DSL_ACC_GYRO_W_DUR  lsm6dsl_acc_gyro_driver.o
    0x0800e862   0x00000036   Code   RO         1329    i.LSM6DSL_ACC_GYRO_W_EmbeddedAccess  lsm6dsl_acc_gyro_driver.o
    0x0800e898   0x00000036   Code   RO         1331    i.LSM6DSL_ACC_GYRO_W_FFEvOnInt1  lsm6dsl_acc_gyro_driver.o
    0x0800e8ce   0x00000074   Code   RO         1333    i.LSM6DSL_ACC_GYRO_W_FF_Duration  lsm6dsl_acc_gyro_driver.o
    0x0800e942   0x00000036   Code   RO         1334    i.LSM6DSL_ACC_GYRO_W_FF_THS  lsm6dsl_acc_gyro_driver.o
    0x0800e978   0x00000036   Code   RO         1335    i.LSM6DSL_ACC_GYRO_W_FIFO_MODE  lsm6dsl_acc_gyro_driver.o
    0x0800e9ae   0x00000060   Code   RO         1339    i.LSM6DSL_ACC_GYRO_W_FIFO_Watermark  lsm6dsl_acc_gyro_driver.o
    0x0800ea0e   0x00000036   Code   RO         1340    i.LSM6DSL_ACC_GYRO_W_FS_125  lsm6dsl_acc_gyro_driver.o
    0x0800ea44   0x00000036   Code   RO         1341    i.LSM6DSL_ACC_GYRO_W_FS_G  lsm6dsl_acc_gyro_driver.o
    0x0800ea7a   0x00000036   Code   RO         1342    i.LSM6DSL_ACC_GYRO_W_FS_XL  lsm6dsl_acc_gyro_driver.o
    0x0800eab0   0x00000036   Code   RO         1343    i.LSM6DSL_ACC_GYRO_W_FULL_FLAG_on_INT1  lsm6dsl_acc_gyro_driver.o
    0x0800eae6   0x00000036   Code   RO         1345    i.LSM6DSL_ACC_GYRO_W_FUNC_EN  lsm6dsl_acc_gyro_driver.o
    0x0800eb1c   0x00000036   Code   RO         1355    i.LSM6DSL_ACC_GYRO_W_IF_Addr_Incr  lsm6dsl_acc_gyro_driver.o
    0x0800eb52   0x00000036   Code   RO         1360    i.LSM6DSL_ACC_GYRO_W_LIR  lsm6dsl_acc_gyro_driver.o
    0x0800eb88   0x00000036   Code   RO         1368    i.LSM6DSL_ACC_GYRO_W_ODR_FIFO  lsm6dsl_acc_gyro_driver.o
    0x0800ebbe   0x00000036   Code   RO         1369    i.LSM6DSL_ACC_GYRO_W_ODR_G  lsm6dsl_acc_gyro_driver.o
    0x0800ebf4   0x00000036   Code   RO         1370    i.LSM6DSL_ACC_GYRO_W_ODR_XL  lsm6dsl_acc_gyro_driver.o
    0x0800ec2a   0x00000036   Code   RO         1374    i.LSM6DSL_ACC_GYRO_W_PEDO  lsm6dsl_acc_gyro_driver.o
    0x0800ec60   0x00000036   Code   RO         1377    i.LSM6DSL_ACC_GYRO_W_PedoStepReset  lsm6dsl_acc_gyro_driver.o
    0x0800ec96   0x00000042   Code   RO         1378    i.LSM6DSL_ACC_GYRO_W_PedoThreshold  lsm6dsl_acc_gyro_driver.o
    0x0800ecd8   0x0000003a   Code   RO         1379    i.LSM6DSL_ACC_GYRO_W_QUIET_Duration  lsm6dsl_acc_gyro_driver.o
    0x0800ed12   0x00000038   Code   RO         1382    i.LSM6DSL_ACC_GYRO_W_SHOCK_Duration  lsm6dsl_acc_gyro_driver.o
    0x0800ed4a   0x00000036   Code   RO         1384    i.LSM6DSL_ACC_GYRO_W_SINGLE_DOUBLE_TAP_EV  lsm6dsl_acc_gyro_driver.o
    0x0800ed80   0x00000036   Code   RO         1385    i.LSM6DSL_ACC_GYRO_W_SIXD_THS  lsm6dsl_acc_gyro_driver.o
    0x0800edb6   0x00000038   Code   RO         1386    i.LSM6DSL_ACC_GYRO_W_SLEEP_DUR  lsm6dsl_acc_gyro_driver.o
    0x0800edee   0x00000036   Code   RO         1392    i.LSM6DSL_ACC_GYRO_W_STEP_DET_on_INT1  lsm6dsl_acc_gyro_driver.o
    0x0800ee24   0x00000036   Code   RO         1393    i.LSM6DSL_ACC_GYRO_W_STOP_ON_FTH  lsm6dsl_acc_gyro_driver.o
    0x0800ee5a   0x00000036   Code   RO         1396    i.LSM6DSL_ACC_GYRO_W_SelfTest_G  lsm6dsl_acc_gyro_driver.o
    0x0800ee90   0x00000036   Code   RO         1397    i.LSM6DSL_ACC_GYRO_W_SelfTest_XL  lsm6dsl_acc_gyro_driver.o
    0x0800eec6   0x00000036   Code   RO         1400    i.LSM6DSL_ACC_GYRO_W_SingleTapOnInt1  lsm6dsl_acc_gyro_driver.o
    0x0800eefc   0x00000038   Code   RO         1406    i.LSM6DSL_ACC_GYRO_W_TAP_THS  lsm6dsl_acc_gyro_driver.o
    0x0800ef34   0x00000036   Code   RO         1407    i.LSM6DSL_ACC_GYRO_W_TAP_X_EN  lsm6dsl_acc_gyro_driver.o
    0x0800ef6a   0x00000036   Code   RO         1408    i.LSM6DSL_ACC_GYRO_W_TAP_Y_EN  lsm6dsl_acc_gyro_driver.o
    0x0800efa0   0x00000036   Code   RO         1409    i.LSM6DSL_ACC_GYRO_W_TAP_Z_EN  lsm6dsl_acc_gyro_driver.o
    0x0800efd6   0x00000036   Code   RO         1410    i.LSM6DSL_ACC_GYRO_W_TILT  lsm6dsl_acc_gyro_driver.o
    0x0800f00c   0x00000036   Code   RO         1412    i.LSM6DSL_ACC_GYRO_W_TIMER_HR  lsm6dsl_acc_gyro_driver.o
    0x0800f042   0x00000036   Code   RO         1415    i.LSM6DSL_ACC_GYRO_W_TapEvOnInt1  lsm6dsl_acc_gyro_driver.o
    0x0800f078   0x00000036   Code   RO         1417    i.LSM6DSL_ACC_GYRO_W_TiltEvOnInt1  lsm6dsl_acc_gyro_driver.o
    0x0800f0ae   0x0000003a   Code   RO         1421    i.LSM6DSL_ACC_GYRO_W_WAKE_DUR  lsm6dsl_acc_gyro_driver.o
    0x0800f0e8   0x00000038   Code   RO         1422    i.LSM6DSL_ACC_GYRO_W_WK_THS  lsm6dsl_acc_gyro_driver.o
    0x0800f120   0x00000036   Code   RO         1423    i.LSM6DSL_ACC_GYRO_W_WUEvOnInt1  lsm6dsl_acc_gyro_driver.o
    0x0800f156   0x00000010   Code   RO         1425    i.LSM6DSL_ACC_GYRO_WriteReg  lsm6dsl_acc_gyro_driver.o
    0x0800f166   0x00000028   Code   RO         2936    i.LSM6DSL_Check_WhoAmI  lsm6dsl_acc_gyro_driver_hl.o
    0x0800f18e   0x00000002   PAD
    0x0800f190   0x00000048   Code   RO         2937    i.LSM6DSL_FIFO_G_Get_Axis  lsm6dsl_acc_gyro_driver_hl.o
    0x0800f1d8   0x0000001c   Code   RO         2938    i.LSM6DSL_FIFO_G_Set_Decimation  lsm6dsl_acc_gyro_driver_hl.o
    0x0800f1f4   0x00000010   Code   RO         2939    i.LSM6DSL_FIFO_Get_Data  lsm6dsl_acc_gyro_driver_hl.o
    0x0800f204   0x00000022   Code   RO         2940    i.LSM6DSL_FIFO_Get_Empty_Status  lsm6dsl_acc_gyro_driver_hl.o
    0x0800f226   0x00000022   Code   RO         2941    i.LSM6DSL_FIFO_Get_Full_Status  lsm6dsl_acc_gyro_driver_hl.o
    0x0800f248   0x00000010   Code   RO         2942    i.LSM6DSL_FIFO_Get_Num_Of_Samples  lsm6dsl_acc_gyro_driver_hl.o
    0x0800f258   0x00000022   Code   RO         2943    i.LSM6DSL_FIFO_Get_Overrun_Status  lsm6dsl_acc_gyro_driver_hl.o
    0x0800f27a   0x00000010   Code   RO         2944    i.LSM6DSL_FIFO_Get_Pattern  lsm6dsl_acc_gyro_driver_hl.o
    0x0800f28a   0x00000016   Code   RO         2945    i.LSM6DSL_FIFO_Set_INT1_FIFO_Full  lsm6dsl_acc_gyro_driver_hl.o
    0x0800f2a0   0x00000020   Code   RO         2946    i.LSM6DSL_FIFO_Set_Mode  lsm6dsl_acc_gyro_driver_hl.o
    0x0800f2c0   0x000000b4   Code   RO         2947    i.LSM6DSL_FIFO_Set_ODR_Value  lsm6dsl_acc_gyro_driver_hl.o
    0x0800f374   0x00000016   Code   RO         2948    i.LSM6DSL_FIFO_Set_Stop_On_Fth  lsm6dsl_acc_gyro_driver_hl.o
    0x0800f38a   0x00000010   Code   RO         2949    i.LSM6DSL_FIFO_Set_Watermark_Level  lsm6dsl_acc_gyro_driver_hl.o
    0x0800f39a   0x00000002   PAD
    0x0800f39c   0x00000048   Code   RO         2950    i.LSM6DSL_FIFO_X_Get_Axis  lsm6dsl_acc_gyro_driver_hl.o
    0x0800f3e4   0x00000014   Code   RO         2951    i.LSM6DSL_FIFO_X_Set_Decimation  lsm6dsl_acc_gyro_driver_hl.o
    0x0800f3f8   0x00000004   Code   RO         2952    i.LSM6DSL_G_Check_WhoAmI  lsm6dsl_acc_gyro_driver_hl.o
    0x0800f3fc   0x00000034   Code   RO         2953    i.LSM6DSL_G_DeInit  lsm6dsl_acc_gyro_driver_hl.o
    0x0800f430   0x0000007c   Code   RO         2954    i.LSM6DSL_G_Get_Axes  lsm6dsl_acc_gyro_driver_hl.o
    0x0800f4ac   0x00000024   Code   RO         2955    i.LSM6DSL_G_Get_AxesRaw  lsm6dsl_acc_gyro_driver_hl.o
    0x0800f4d0   0x00000044   Code   RO         2956    i.LSM6DSL_G_Get_Axes_Raw  lsm6dsl_acc_gyro_driver_hl.o
    0x0800f514   0x00000022   Code   RO         2957    i.LSM6DSL_G_Get_DRDY_Status  lsm6dsl_acc_gyro_driver_hl.o
    0x0800f536   0x00000002   PAD
    0x0800f538   0x00000078   Code   RO         2958    i.LSM6DSL_G_Get_FS  lsm6dsl_acc_gyro_driver_hl.o
    0x0800f5b0   0x000000a8   Code   RO         2959    i.LSM6DSL_G_Get_ODR  lsm6dsl_acc_gyro_driver_hl.o
    0x0800f658   0x00000078   Code   RO         2960    i.LSM6DSL_G_Get_Sensitivity  lsm6dsl_acc_gyro_driver_hl.o
    0x0800f6d0   0x00000004   Code   RO         2961    i.LSM6DSL_G_Get_WhoAmI  lsm6dsl_acc_gyro_driver_hl.o
    0x0800f6d4   0x00000064   Code   RO         2962    i.LSM6DSL_G_Init    lsm6dsl_acc_gyro_driver_hl.o
    0x0800f738   0x0000000e   Code   RO         2963    i.LSM6DSL_G_Read_Reg  lsm6dsl_acc_gyro_driver_hl.o
    0x0800f746   0x0000002e   Code   RO         2964    i.LSM6DSL_G_Sensor_Disable  lsm6dsl_acc_gyro_driver_hl.o
    0x0800f774   0x00000024   Code   RO         2965    i.LSM6DSL_G_Sensor_Enable  lsm6dsl_acc_gyro_driver_hl.o
    0x0800f798   0x00000022   Code   RO         2966    i.LSM6DSL_G_Set_FS  lsm6dsl_acc_gyro_driver_hl.o
    0x0800f7ba   0x00000002   PAD
    0x0800f7bc   0x00000070   Code   RO         2967    i.LSM6DSL_G_Set_FS_Value  lsm6dsl_acc_gyro_driver_hl.o
    0x0800f82c   0x00000004   Code   RO         2968    i.LSM6DSL_G_Set_Interrupt_Latch  lsm6dsl_acc_gyro_driver_hl.o
    0x0800f830   0x00000068   Code   RO         2969    i.LSM6DSL_G_Set_ODR  lsm6dsl_acc_gyro_driver_hl.o
    0x0800f898   0x0000001a   Code   RO         2970    i.LSM6DSL_G_Set_ODR_Value  lsm6dsl_acc_gyro_driver_hl.o
    0x0800f8b2   0x00000002   PAD
    0x0800f8b4   0x000000e4   Code   RO         2971    i.LSM6DSL_G_Set_ODR_Value_When_Disabled  lsm6dsl_acc_gyro_driver_hl.o
    0x0800f998   0x000000b4   Code   RO         2972    i.LSM6DSL_G_Set_ODR_Value_When_Enabled  lsm6dsl_acc_gyro_driver_hl.o
    0x0800fa4c   0x0000001e   Code   RO         2973    i.LSM6DSL_G_Set_SelfTest  lsm6dsl_acc_gyro_driver_hl.o
    0x0800fa6a   0x0000000e   Code   RO         2974    i.LSM6DSL_G_Write_Reg  lsm6dsl_acc_gyro_driver_hl.o
    0x0800fa78   0x00000010   Code   RO         2975    i.LSM6DSL_Get_WhoAmI  lsm6dsl_acc_gyro_driver_hl.o
    0x0800fa88   0x00000012   Code   RO         2976    i.LSM6DSL_Read_Reg  lsm6dsl_acc_gyro_driver_hl.o
    0x0800fa9a   0x00000002   PAD
    0x0800fa9c   0x0000008c   Code   RO         5632    i.LSM6DSL_Sensor_IO_ITConfig  x_nucleo_iks01a2.o
    0x0800fb28   0x00000016   Code   RO         2977    i.LSM6DSL_Set_Interrupt_Latch  lsm6dsl_acc_gyro_driver_hl.o
    0x0800fb3e   0x00000014   Code   RO         2978    i.LSM6DSL_Write_Reg  lsm6dsl_acc_gyro_driver_hl.o
    0x0800fb52   0x00000004   Code   RO         2979    i.LSM6DSL_X_Check_WhoAmI  lsm6dsl_acc_gyro_driver_hl.o
    0x0800fb56   0x00000002   PAD
    0x0800fb58   0x00000078   Code   RO         2980    i.LSM6DSL_X_DeInit  lsm6dsl_acc_gyro_driver_hl.o
    0x0800fbd0   0x00000028   Code   RO         2981    i.LSM6DSL_X_Disable_6D_Orientation  lsm6dsl_acc_gyro_driver_hl.o
    0x0800fbf8   0x00000078   Code   RO         2982    i.LSM6DSL_X_Disable_Double_Tap_Detection  lsm6dsl_acc_gyro_driver_hl.o
    0x0800fc70   0x00000032   Code   RO         2983    i.LSM6DSL_X_Disable_Free_Fall_Detection  lsm6dsl_acc_gyro_driver_hl.o
    0x0800fca2   0x00000034   Code   RO         2984    i.LSM6DSL_X_Disable_Pedometer  lsm6dsl_acc_gyro_driver_hl.o
    0x0800fcd6   0x00000060   Code   RO         2985    i.LSM6DSL_X_Disable_Single_Tap_Detection  lsm6dsl_acc_gyro_driver_hl.o
    0x0800fd36   0x00000012   Code   RO         2986    i.LSM6DSL_X_Disable_Step_Counter_Reset  lsm6dsl_acc_gyro_driver_hl.o
    0x0800fd48   0x00000028   Code   RO         2987    i.LSM6DSL_X_Disable_Tilt_Detection  lsm6dsl_acc_gyro_driver_hl.o
    0x0800fd70   0x00000032   Code   RO         2988    i.LSM6DSL_X_Disable_Wake_Up_Detection  lsm6dsl_acc_gyro_driver_hl.o
    0x0800fda2   0x00000002   PAD
    0x0800fda4   0x00000044   Code   RO         2989    i.LSM6DSL_X_Enable_6D_Orientation  lsm6dsl_acc_gyro_driver_hl.o
    0x0800fde8   0x00000094   Code   RO         2990    i.LSM6DSL_X_Enable_Double_Tap_Detection  lsm6dsl_acc_gyro_driver_hl.o
    0x0800fe7c   0x0000006c   Code   RO         2991    i.LSM6DSL_X_Enable_Free_Fall_Detection  lsm6dsl_acc_gyro_driver_hl.o
    0x0800fee8   0x0000004c   Code   RO         2992    i.LSM6DSL_X_Enable_Pedometer  lsm6dsl_acc_gyro_driver_hl.o
    0x0800ff34   0x0000007c   Code   RO         2993    i.LSM6DSL_X_Enable_Single_Tap_Detection  lsm6dsl_acc_gyro_driver_hl.o
    0x0800ffb0   0x00000012   Code   RO         2994    i.LSM6DSL_X_Enable_Step_Counter_Reset  lsm6dsl_acc_gyro_driver_hl.o
    0x0800ffc2   0x00000040   Code   RO         2995    i.LSM6DSL_X_Enable_Tilt_Detection  lsm6dsl_acc_gyro_driver_hl.o
    0x08010002   0x00000002   PAD
    0x08010004   0x00000050   Code   RO         2996    i.LSM6DSL_X_Enable_Wake_Up_Detection  lsm6dsl_acc_gyro_driver_hl.o
    0x08010054   0x00000022   Code   RO         2997    i.LSM6DSL_X_Get_6D_Orientation_Status  lsm6dsl_acc_gyro_driver_hl.o
    0x08010076   0x00000022   Code   RO         2998    i.LSM6DSL_X_Get_6D_Orientation_XH  lsm6dsl_acc_gyro_driver_hl.o
    0x08010098   0x00000020   Code   RO         2999    i.LSM6DSL_X_Get_6D_Orientation_XL  lsm6dsl_acc_gyro_driver_hl.o
    0x080100b8   0x00000022   Code   RO         3000    i.LSM6DSL_X_Get_6D_Orientation_YH  lsm6dsl_acc_gyro_driver_hl.o
    0x080100da   0x00000022   Code   RO         3001    i.LSM6DSL_X_Get_6D_Orientation_YL  lsm6dsl_acc_gyro_driver_hl.o
    0x080100fc   0x00000022   Code   RO         3002    i.LSM6DSL_X_Get_6D_Orientation_ZH  lsm6dsl_acc_gyro_driver_hl.o
    0x0801011e   0x00000022   Code   RO         3003    i.LSM6DSL_X_Get_6D_Orientation_ZL  lsm6dsl_acc_gyro_driver_hl.o
    0x08010140   0x0000007c   Code   RO         3004    i.LSM6DSL_X_Get_Axes  lsm6dsl_acc_gyro_driver_hl.o
    0x080101bc   0x00000024   Code   RO         3005    i.LSM6DSL_X_Get_AxesRaw  lsm6dsl_acc_gyro_driver_hl.o
    0x080101e0   0x00000044   Code   RO         3006    i.LSM6DSL_X_Get_Axes_Raw  lsm6dsl_acc_gyro_driver_hl.o
    0x08010224   0x00000020   Code   RO         3007    i.LSM6DSL_X_Get_DRDY_Status  lsm6dsl_acc_gyro_driver_hl.o
    0x08010244   0x00000022   Code   RO         3008    i.LSM6DSL_X_Get_Double_Tap_Detection_Status  lsm6dsl_acc_gyro_driver_hl.o
    0x08010266   0x00000048   Code   RO         3009    i.LSM6DSL_X_Get_FS  lsm6dsl_acc_gyro_driver_hl.o
    0x080102ae   0x00000022   Code   RO         3010    i.LSM6DSL_X_Get_Free_Fall_Detection_Status  lsm6dsl_acc_gyro_driver_hl.o
    0x080102d0   0x000000a8   Code   RO         3011    i.LSM6DSL_X_Get_ODR  lsm6dsl_acc_gyro_driver_hl.o
    0x08010378   0x00000022   Code   RO         3012    i.LSM6DSL_X_Get_Pedometer_Status  lsm6dsl_acc_gyro_driver_hl.o
    0x0801039a   0x00000002   PAD
    0x0801039c   0x00000058   Code   RO         3013    i.LSM6DSL_X_Get_Sensitivity  lsm6dsl_acc_gyro_driver_hl.o
    0x080103f4   0x00000022   Code   RO         3014    i.LSM6DSL_X_Get_Single_Tap_Detection_Status  lsm6dsl_acc_gyro_driver_hl.o
    0x08010416   0x00000010   Code   RO         3015    i.LSM6DSL_X_Get_Step_Count  lsm6dsl_acc_gyro_driver_hl.o
    0x08010426   0x00000022   Code   RO         3016    i.LSM6DSL_X_Get_Tilt_Detection_Status  lsm6dsl_acc_gyro_driver_hl.o
    0x08010448   0x00000022   Code   RO         3017    i.LSM6DSL_X_Get_Wake_Up_Detection_Status  lsm6dsl_acc_gyro_driver_hl.o
    0x0801046a   0x00000004   Code   RO         3018    i.LSM6DSL_X_Get_WhoAmI  lsm6dsl_acc_gyro_driver_hl.o
    0x0801046e   0x00000002   PAD
    0x08010470   0x00000064   Code   RO         3019    i.LSM6DSL_X_Init    lsm6dsl_acc_gyro_driver_hl.o
    0x080104d4   0x0000000e   Code   RO         3020    i.LSM6DSL_X_Read_Reg  lsm6dsl_acc_gyro_driver_hl.o
    0x080104e2   0x0000002e   Code   RO         3021    i.LSM6DSL_X_Sensor_Disable  lsm6dsl_acc_gyro_driver_hl.o
    0x08010510   0x00000024   Code   RO         3022    i.LSM6DSL_X_Sensor_Enable  lsm6dsl_acc_gyro_driver_hl.o
    0x08010534   0x00000022   Code   RO         3023    i.LSM6DSL_X_Set_FS  lsm6dsl_acc_gyro_driver_hl.o
    0x08010556   0x0000003c   Code   RO         3024    i.LSM6DSL_X_Set_FS_Value  lsm6dsl_acc_gyro_driver_hl.o
    0x08010592   0x00000010   Code   RO         3025    i.LSM6DSL_X_Set_Free_Fall_Threshold  lsm6dsl_acc_gyro_driver_hl.o
    0x080105a2   0x00000004   Code   RO         3026    i.LSM6DSL_X_Set_Interrupt_Latch  lsm6dsl_acc_gyro_driver_hl.o
    0x080105a6   0x00000002   PAD
    0x080105a8   0x00000068   Code   RO         3027    i.LSM6DSL_X_Set_ODR  lsm6dsl_acc_gyro_driver_hl.o
    0x08010610   0x0000001a   Code   RO         3028    i.LSM6DSL_X_Set_ODR_Value  lsm6dsl_acc_gyro_driver_hl.o
    0x0801062a   0x00000002   PAD
    0x0801062c   0x000000e4   Code   RO         3029    i.LSM6DSL_X_Set_ODR_Value_When_Disabled  lsm6dsl_acc_gyro_driver_hl.o
    0x08010710   0x000000b4   Code   RO         3030    i.LSM6DSL_X_Set_ODR_Value_When_Enabled  lsm6dsl_acc_gyro_driver_hl.o
    0x080107c4   0x00000010   Code   RO         3031    i.LSM6DSL_X_Set_Pedometer_Threshold  lsm6dsl_acc_gyro_driver_hl.o
    0x080107d4   0x0000001e   Code   RO         3032    i.LSM6DSL_X_Set_SelfTest  lsm6dsl_acc_gyro_driver_hl.o
    0x080107f2   0x00000010   Code   RO         3033    i.LSM6DSL_X_Set_Tap_Duration_Time  lsm6dsl_acc_gyro_driver_hl.o
    0x08010802   0x00000010   Code   RO         3034    i.LSM6DSL_X_Set_Tap_Quiet_Time  lsm6dsl_acc_gyro_driver_hl.o
    0x08010812   0x00000010   Code   RO         3035    i.LSM6DSL_X_Set_Tap_Shock_Time  lsm6dsl_acc_gyro_driver_hl.o
    0x08010822   0x00000010   Code   RO         3036    i.LSM6DSL_X_Set_Tap_Threshold  lsm6dsl_acc_gyro_driver_hl.o
    0x08010832   0x00000010   Code   RO         3037    i.LSM6DSL_X_Set_Wake_Up_Threshold  lsm6dsl_acc_gyro_driver_hl.o
    0x08010842   0x0000000e   Code   RO         3038    i.LSM6DSL_X_Write_Reg  lsm6dsl_acc_gyro_driver_hl.o
    0x08010850   0x00000080   Code   RO        10674    i.Magneto_Sensor_Handler  main.o
    0x080108d0   0x00000008   Code   RO        10541    i.MotionFX_manager_getDataOUT  motionfx_manager.o
    0x080108d8   0x000000b8   Code   RO        10542    i.MotionFX_manager_init  motionfx_manager.o
    0x08010990   0x00000110   Code   RO        10543    i.MotionFX_manager_run  motionfx_manager.o
    0x08010aa0   0x00000010   Code   RO        10544    i.MotionFX_manager_start_6X  motionfx_manager.o
    0x08010ab0   0x00000020   Code   RO        10545    i.MotionFX_manager_start_9X  motionfx_manager.o
    0x08010ad0   0x00000006   Code   RO        10546    i.MotionFX_manager_stop_6X  motionfx_manager.o
    0x08010ad6   0x00000002   PAD
    0x08010ad8   0x00000018   Code   RO        10547    i.MotionFX_manager_stop_9X  motionfx_manager.o
    0x08010af0   0x00000002   Code   RO        10841    i.NMI_Handler       stm32f4xx_it.o
    0x08010af2   0x00000002   PAD
    0x08010af4   0x00000068   Code   RO        10675    i.Pressure_Sensor_Handler  main.o
    0x08010b5c   0x00000012   Code   RO         8719    i.RTC_Bcd2ToByte    stm32f4xx_hal_rtc.o
    0x08010b6e   0x00000016   Code   RO         8720    i.RTC_ByteToBcd2    stm32f4xx_hal_rtc.o
    0x08010b84   0x00000060   Code   RO        10676    i.RTC_Config        main.o
    0x08010be4   0x0000003a   Code   RO         8721    i.RTC_EnterInitMode  stm32f4xx_hal_rtc.o
    0x08010c1e   0x00000002   PAD
    0x08010c20   0x00000034   Code   RO        10677    i.RTC_TimeRegulate  main.o
    0x08010c54   0x0000006c   Code   RO        10678    i.RecallCalibrationFromMemory  main.o
    0x08010cc0   0x0000001c   Code   RO        10679    i.ResetCalibrationInMemory  main.o
    0x08010cdc   0x00000022   Code   RO        10943    i.ReverseByteStuffCopyByte2  serial_protocol.o
    0x08010cfe   0x00000002   PAD
    0x08010d00   0x00000234   Code   RO        10680    i.SF_Handler        main.o
    0x08010f34   0x00000048   Code   RO        10681    i.SaveCalibrationToMemory  main.o
    0x08010f7c   0x0000000e   Code   RO         5633    i.Sensor_IO_Init    x_nucleo_iks01a2.o
    0x08010f8a   0x00000002   PAD
    0x08010f8c   0x00000030   Code   RO         5634    i.Sensor_IO_Read    x_nucleo_iks01a2.o
    0x08010fbc   0x00000030   Code   RO         5635    i.Sensor_IO_Write   x_nucleo_iks01a2.o
    0x08010fec   0x00000010   Code   RO        10944    i.Serialize         serial_protocol.o
    0x08010ffc   0x00000010   Code   RO        10945    i.Serialize_s32     serial_protocol.o
    0x0801100c   0x00000004   Code   RO        10842    i.SysTick_Handler   stm32f4xx_it.o
    0x08011010   0x0000009c   Code   RO        10899    i.SystemClock_Config  cube_hal_f4.o
    0x080110ac   0x00000054   Code   RO         7166    i.SystemInit        system_stm32f4xx.o
    0x08011100   0x0000000c   Code   RO        10843    i.TIM2_IRQHandler   stm32f4xx_it.o
    0x0801110c   0x00000090   Code   RO         9432    i.TIM_Base_SetConfig  stm32f4xx_hal_tim.o
    0x0801119c   0x00000016   Code   RO         9433    i.TIM_CCxChannelCmd  stm32f4xx_hal_tim.o
    0x080111b2   0x00000002   PAD
    0x080111b4   0x00000050   Code   RO         9441    i.TIM_OC1_SetConfig  stm32f4xx_hal_tim.o
    0x08011204   0x00000058   Code   RO         9442    i.TIM_OC2_SetConfig  stm32f4xx_hal_tim.o
    0x0801125c   0x00000058   Code   RO         9443    i.TIM_OC3_SetConfig  stm32f4xx_hal_tim.o
    0x080112b4   0x00000044   Code   RO         9444    i.TIM_OC4_SetConfig  stm32f4xx_hal_tim.o
    0x080112f8   0x00000068   Code   RO        10682    i.Temperature_Sensor_Handler  main.o
    0x08011360   0x00000022   Code   RO        10245    i.UART_DMAError     stm32f4xx_hal_uart.o
    0x08011382   0x00000028   Code   RO        10246    i.UART_DMAReceiveCplt  stm32f4xx_hal_uart.o
    0x080113aa   0x0000000a   Code   RO        10247    i.UART_DMARxHalfCplt  stm32f4xx_hal_uart.o
    0x080113b4   0x000000d0   Code   RO        10618    i.UART_ReceivedMSG  com.o
    0x08011484   0x00000028   Code   RO        10619    i.UART_SendMsg      com.o
    0x080114ac   0x000002ac   Code   RO        10251    i.UART_SetConfig    stm32f4xx_hal_uart.o
    0x08011758   0x00000096   Code   RO        10253    i.UART_WaitOnFlagUntilTimeout  stm32f4xx_hal_uart.o
    0x080117ee   0x00000002   PAD
    0x080117f0   0x000000c8   Code   RO        10620    i.USARTConfig       com.o
    0x080118b8   0x00000020   Code   RO        10621    i.USART_DMA_Configuration  com.o
    0x080118d8   0x00000020   Code   RO        11194    i.__0printf$3       mc_w.l(printf3.o)
    0x080118f8   0x0000000a   Code   RO        11014    i.__ARM_common_memclr4_9  osxMotionFX107_CM4_Keil_ot.lib(osx_motion_fx.o)
    0x08011902   0x00000012   Code   RO        11012    i.__ARM_common_memset4_12  osxMotionFX107_CM4_Keil_ot.lib(osx_motion_fx.o)
    0x08011914   0x00000030   Code   RO        11422    i.__ARM_fpclassify  m_wm.l(fpclassify.o)
    0x08011944   0x00000020   Code   RO         7640    i.__NVIC_SetPriority  stm32f4xx_hal_cortex.o
    0x08011964   0x00000004   PAD
    0x08011968   0x00000360   Code   RO        11020    i.__hardfp_asin     m_wm.l(asin.o)
    0x08011cc8   0x000002d8   Code   RO        11388    i.__hardfp_atan     m_wm.l(atan.o)
    0x08011fa0   0x000001f0   Code   RO        11034    i.__hardfp_atan2    m_wm.l(atan2.o)
    0x08012190   0x00000118   Code   RO        11046    i.__hardfp_floor    m_wm.l(floor.o)
    0x080122a8   0x00000074   Code   RO        11052    i.__hardfp_fmax     m_wm.l(fmax.o)
    0x0801231c   0x00000004   PAD
    0x08012320   0x00000c50   Code   RO        11056    i.__hardfp_pow      m_wm.l(pow.o)
    0x08012f70   0x0000007a   Code   RO        11070    i.__hardfp_sqrt     m_wm.l(sqrt.o)
    0x08012fea   0x00000006   PAD
    0x08012ff0   0x000000b0   Code   RO        11082    i.__hardfp_trunc    m_wm.l(trunc.o)
    0x080130a0   0x000000f8   Code   RO        11424    i.__kernel_poly     m_wm.l(poly.o)
    0x08013198   0x00000030   Code   RO        11402    i.__mathlib_dbl_divzero  m_wm.l(dunder.o)
    0x080131c8   0x00000014   Code   RO        11403    i.__mathlib_dbl_infnan  m_wm.l(dunder.o)
    0x080131dc   0x00000014   Code   RO        11404    i.__mathlib_dbl_infnan2  m_wm.l(dunder.o)
    0x080131f0   0x00000020   Code   RO        11405    i.__mathlib_dbl_invalid  m_wm.l(dunder.o)
    0x08013210   0x00000020   Code   RO        11406    i.__mathlib_dbl_overflow  m_wm.l(dunder.o)
    0x08013230   0x00000020   Code   RO        11408    i.__mathlib_dbl_underflow  m_wm.l(dunder.o)
    0x08013250   0x0000000e   Code   RO        11484    i.__scatterload_copy  mc_w.l(handlers.o)
    0x0801325e   0x00000002   Code   RO        11485    i.__scatterload_null  mc_w.l(handlers.o)
    0x08013260   0x0000000e   Code   RO        11486    i.__scatterload_zeroinit  mc_w.l(handlers.o)
    0x0801326e   0x00000002   PAD
    0x08013270   0x0000000c   Code   RO        11456    i.__set_errno       mc_w.l(errno.o)
    0x0801327c   0x000001b8   Code   RO        11201    i._printf_core      mc_w.l(printf3.o)
    0x08013434   0x00000010   Code   RO        11390    i.atan              m_wm.l(atan.o)
    0x08013444   0x00000018   Code   RO        11418    i.fabs              m_wm.l(fabs.o)
    0x0801345c   0x00000074   Code   RO        10683    i.floatToInt        main.o
    0x080134d0   0x00000012   Code   RO        11441    i.fputc             mc_w.l(fputc.o)
    0x080134e2   0x00000002   PAD
    0x080134e4   0x00000200   Code   RO        10684    i.main              main.o
    0x080136e4   0x0000006e   Code   RO        11072    i.sqrt              m_wm.l(sqrt.o)
    0x08013752   0x00000006   PAD
    0x08013758   0x00000060   Data   RO         3665    .constdata          lsm303agr_acc_driver.o
    0x080137b8   0x00000006   Data   RO         5360    .constdata          stm32f4xx_nucleo.o
    0x080137be   0x00000008   Data   RO         7758    .constdata          stm32f4xx_hal_dma.o
    0x080137c6   0x00000010   Data   RO         8575    .constdata          stm32f4xx_hal_rcc.o
    0x080137d6   0x00000002   PAD
    0x080137d8   0x00000280   Data   RO        11009    .constdata          osxMotionFX107_CM4_Keil_ot.lib(osx_motion_fx.o)
    0x08013a58   0x00000050   Data   RO        11023    .constdata          m_wm.l(asin.o)
    0x08013aa8   0x00000088   Data   RO        11059    .constdata          m_wm.l(pow.o)
    0x08013b30   0x00000098   Data   RO        11391    .constdata          m_wm.l(atan.o)
    0x08013bc8   0x00000008   Data   RO        11426    .constdata          m_wm.l(qnan.o)
    0x08013bd0   0x00000020   Data   RO        11482    Region$$Table       anon$$obj.o


    Execution Region RW_IRAM1 (Base: 0x20000000, Size: 0x0000ab48, Max: 0x00017fbf, ABSOLUTE, COMPRESSED[0x000003a0])

    Base Addr    Size         Type   Attr      Idx    E Section Name        Object

    0x20000000   0x00000034   Data   RW          281    .data               hts221_driver_hl.o
    0x20000034   0x00000034   Data   RW          282    .data               hts221_driver_hl.o
    0x20000068   0x00000004   Data   RW          283    .data               hts221_driver_hl.o
    0x2000006c   0x00000034   Data   RW          899    .data               lps22hb_driver_hl.o
    0x200000a0   0x00000034   Data   RW          900    .data               lps22hb_driver_hl.o
    0x200000d4   0x0000003c   Data   RW          901    .data               lps22hb_driver_hl.o
    0x20000110   0x0000003c   Data   RW          902    .data               lps22hb_driver_hl.o
    0x2000014c   0x00000008   Data   RW          903    .data               lps22hb_driver_hl.o
    0x20000154   0x000000d0   Data   RW         3039    .data               lsm6dsl_acc_gyro_driver_hl.o
    0x20000224   0x0000003c   Data   RW         3040    .data               lsm6dsl_acc_gyro_driver_hl.o
    0x20000260   0x00000050   Data   RW         3041    .data               lsm6dsl_acc_gyro_driver_hl.o
    0x200002b0   0x00000050   Data   RW         3042    .data               lsm6dsl_acc_gyro_driver_hl.o
    0x20000300   0x00000002   Data   RW         3043    .data               lsm6dsl_acc_gyro_driver_hl.o
    0x20000302   0x00000002   PAD
    0x20000304   0x00000050   Data   RW         4655    .data               lsm303agr_acc_driver_hl.o
    0x20000354   0x00000048   Data   RW         5238    .data               lsm303agr_mag_driver_hl.o
    0x2000039c   0x0000000c   Data   RW         5361    .data               stm32f4xx_nucleo.o
    0x200003a8   0x00000004   Data   RW         5637    .data               x_nucleo_iks01a2.o
    0x200003ac   0x0000000c   Data   RW         5778    .data               x_nucleo_iks01a2_accelero.o
    0x200003b8   0x00000010   Data   RW         6240    .data               x_nucleo_iks01a2_gyro.o
    0x200003c8   0x0000000c   Data   RW         6481    .data               x_nucleo_iks01a2_humidity.o
    0x200003d4   0x0000000c   Data   RW         6621    .data               x_nucleo_iks01a2_magneto.o
    0x200003e0   0x0000000c   Data   RW         6792    .data               x_nucleo_iks01a2_pressure.o
    0x200003ec   0x00000008   Data   RW         6994    .data               x_nucleo_iks01a2_temperature.o
    0x200003f4   0x00000004   Data   RW         7168    .data               system_stm32f4xx.o
    0x200003f8   0x00000004   Data   RW         7223    .data               stm32f4xx_hal.o
    0x200003fc   0x00000029   Data   RW        10466    .data               demoserial.o
    0x20000425   0x00000003   PAD
    0x20000428   0x00000030   Data   RW        10549    .data               motionfx_manager.o
    0x20000458   0x00000010   Data   RW        10550    .data               motionfx_manager.o
    0x20000468   0x0000000c   Data   RW        10624    .data               com.o
    0x20000474   0x00000050   Data   RW        10689    .data               main.o
    0x200004c4   0x00000004   Data   RW        10797    .data               stm32f4xx_hal_msp.o
    0x200004c8   0x0000127c   Data   RW        11010    .data               osxMotionFX107_CM4_Keil_ot.lib(osx_motion_fx.o)
    0x20001744   0x00000004   Data   RW        11018    .data               osxMotionFX107_CM4_Keil_ot.lib(osxLibraryLocker100_CM4F_Keil.o)
    0x20001748   0x00000004   Data   RW        11443    .data               mc_w.l(stdout.o)
    0x2000174c   0x00000004   Data   RW        11457    .data               mc_w.l(errno.o)
    0x20001750   0x00000044   Zero   RW         5636    .bss                x_nucleo_iks01a2.o
    0x20001794   0x00000038   Zero   RW         5777    .bss                x_nucleo_iks01a2_accelero.o
    0x200017cc   0x00000014   Zero   RW         6239    .bss                x_nucleo_iks01a2_gyro.o
    0x200017e0   0x00000014   Zero   RW         6480    .bss                x_nucleo_iks01a2_humidity.o
    0x200017f4   0x00000014   Zero   RW         6620    .bss                x_nucleo_iks01a2_magneto.o
    0x20001808   0x00000014   Zero   RW         6791    .bss                x_nucleo_iks01a2_pressure.o
    0x2000181c   0x00000038   Zero   RW         6993    .bss                x_nucleo_iks01a2_temperature.o
    0x20001854   0x000000dc   Zero   RW        10548    .bss                motionfx_manager.o
    0x20001930   0x00000498   Zero   RW        10622    .bss                com.o
    0x20001dc8   0x0000019c   Zero   RW        10688    .bss                main.o
    0x20001f64   0x00000004   PAD
    0x20001f68   0x00000b34   Zero   RW        11008    .bss                osxMotionFX107_CM4_Keil_ot.lib(osx_motion_fx.o)
    0x20002a9c   0x000000a8   Zero   RW        11017    .bss                osxMotionFX107_CM4_Keil_ot.lib(osxLibraryLocker100_CM4F_Keil.o)
    0x20002b44   0x00000004   PAD
    0x20002b48   0x00008000   Zero   RW        10450    STACK               startup_stm32f401xe.o


    Execution Region RW_IRAM2 (Base: 0x20017fc0, Size: 0x00000000, Max: 0x00000040, ABSOLUTE, UNINIT)

    **** No section assigned to this execution region ****


==============================================================================

Image component sizes


      Code (inc. data)   RO Data    RW Data    ZI Data      Debug   Object Name

       480         38          0         12       1176       5326   com.o
       414         28          0          0          0       3194   cube_hal_f4.o
       528         56          0         41          0       5931   demoserial.o
       982        184          0          0          0      20236   hts221_driver.o
       942         16          0        108          0      32598   hts221_driver_hl.o
      1210          0          0          0          0      30693   lps22hb_driver.o
      1702         76          0        232          0      45659   lps22hb_driver_hl.o
      1030          4         96          0          0      33553   lsm303agr_acc_driver.o
      1706        170          0         80          0      22926   lsm303agr_acc_driver_hl.o
       408          0          0          0          0      17139   lsm303agr_mag_driver.o
       690         30          0         72          0      17366   lsm303agr_mag_driver_hl.o
      3734          0          0          0          0     103057   lsm6dsl_acc_gyro_driver.o
      5700        524          0        430          0      95975   lsm6dsl_acc_gyro_driver_hl.o
      2338        162          0         80        412      15009   main.o
       542         84          0         64        220       8467   motionfx_manager.o
       234          0          0          0          0       6183   serial_protocol.o
        36          8        404          0      32768        888   startup_stm32f401xe.o
       138         16          0          4          0       5625   stm32f4xx_hal.o
       198         14          0          0          0      32275   stm32f4xx_hal_cortex.o
       278         10          8          0          0       4090   stm32f4xx_hal_dma.o
       438         40          0          0          0       5039   stm32f4xx_hal_gpio.o
      1922         36          0          0          0      15644   stm32f4xx_hal_i2c.o
       160         12          0          4          0       2153   stm32f4xx_hal_msp.o
      1312         64         16          0          0       6823   stm32f4xx_hal_rcc.o
       332         20          0          0          0       1632   stm32f4xx_hal_rcc_ex.o
       912         26          0          0          0       8636   stm32f4xx_hal_rtc.o
      1168         58          0          0          0      13494   stm32f4xx_hal_tim.o
         4          0          0          0          0       1970   stm32f4xx_hal_tim_ex.o
      1314         22          0          0          0      10475   stm32f4xx_hal_uart.o
        30          6          0          0          0       3268   stm32f4xx_it.o
       292         58          6         12          0     288464   stm32f4xx_nucleo.o
        84         18          0          4          0       1385   system_stm32f4xx.o
       566         70          0          4         68       7706   x_nucleo_iks01a2.o
       348         34          0         12         56      14455   x_nucleo_iks01a2_accelero.o
       226         20          0         16         20       6694   x_nucleo_iks01a2_gyro.o
       202         18          0         12         20       6895   x_nucleo_iks01a2_humidity.o
       210         14          0         12         20       7611   x_nucleo_iks01a2_magneto.o
       226         22          0         12         20       9470   x_nucleo_iks01a2_pressure.o
       360         38          0          8         56       7086   x_nucleo_iks01a2_temperature.o

    ----------------------------------------------------------------------
     33484       2000        564       1224      34840     925090   Object Totals
         0          0         32          0          0          0   (incl. Generated)
        88          4          2          5          4          0   (incl. Padding)

    ----------------------------------------------------------------------

      Code (inc. data)   RO Data    RW Data    ZI Data      Debug   Library Member Name

       864         94         80          0          0        280   asin.o
       744        106        152          0          0        352   atan.o
       496         64          0          0          0        192   atan2.o
       184         44          0          0          0        744   dunder.o
        24          0          0          0          0        124   fabs.o
       280         28          0          0          0        156   floor.o
       116          0          0          0          0        164   fmax.o
        48          0          0          0          0        124   fpclassify.o
       248          0          0          0          0        152   poly.o
      3152        296        136          0          0        352   pow.o
         0          0          8          0          0          0   qnan.o
       232          0          0          0          0        296   sqrt.o
       176         22          0          0          0        156   trunc.o
        86          0          0          0          0          0   __dczerorl2.o
         0          0          0          0          0          0   entry.o
         0          0          0          0          0          0   entry10a.o
         0          0          0          0          0          0   entry11a.o
         8          4          0          0          0          0   entry2.o
         4          0          0          0          0          0   entry5.o
         0          0          0          0          0          0   entry7b.o
         0          0          0          0          0          0   entry8b.o
         8          4          0          0          0          0   entry9a.o
        12          6          0          4          0         68   errno.o
        18          0          0          0          0         80   fputc.o
        30          0          0          0          0          0   handlers.o
        36          8          0          0          0         68   init.o
         0          0          0          0          0          0   iusefp.o
         0          0          0          0          0          0   iusesemip.o
        98          0          0          0          0         84   ldiv.o
        30          0          0          0          0         68   llshl.o
        36          0          0          0          0         68   llsshr.o
        32          0          0          0          0         68   llushr.o
        64          0          0          0          0         76   memmovea.o
        36          0          0          0          0        108   memseta.o
       472         14          0          0          0        184   printf3.o
         0          0          0          0          0          0   semi.o
         0          0          0          4          0          0   stdout.o
        18          0          0          0          0         68   strcpy.o
        14          0          0          0          0         68   strlen.o
        44          0          0          0          0         80   uidiv.o
        98          0          0          0          0         92   uldiv.o
        48          0          0          0          0         68   cdcmple.o
        48          0          0          0          0         68   cdrcmple.o
        56          0          0          0          0         88   d2f.o
       334          0          0          0          0        148   dadd.o
        96          0          0          0          0         80   dcmp4.o
       222          0          0          0          0        100   ddiv.o
       186          0          0          0          0        176   depilogue.o
        62          0          0          0          0         80   dfixi.o
        50          0          0          0          0         76   dfixui.o
        34          0          0          0          0         76   dflti.o
        26          0          0          0          0         76   dfltui.o
       228          0          0          0          0         96   dmul.o
       136          4          0          0          0         92   drnd.o
        46          0          0          0          0         80   dscalb.o
       162          0          0          0          0        100   dsqrt.o
        38          0          0          0          0         68   f2d.o
       110          0          0          0          0        168   fepilogue.o
       740         32          0          4        168        532   osxLibraryLocker100_CM4F_Keil.o
     35464        942        640       4732       2868       4036   osx_motion_fx.o

    ----------------------------------------------------------------------
     45816       1668       1016       4744       3040      10480   Library Totals
        22          0          0          0          4          0   (incl. Padding)

    ----------------------------------------------------------------------

      Code (inc. data)   RO Data    RW Data    ZI Data      Debug   Library Name

      6564        654        376          0          0       3092   m_wm.l
      1144         36          0          8          0       1180   mc_w.l
      1882          4          0          0          0       1640   mf_w.l
     36204        974        640       4736       3036       4568   osxMotionFX107_CM4_Keil_ot.lib

    ----------------------------------------------------------------------
     45816       1668       1016       4744       3040      10480   Library Totals

    ----------------------------------------------------------------------

==============================================================================


      Code (inc. data)   RO Data    RW Data    ZI Data      Debug   

     79300       3668       1580       5968      37880     876846   Grand Totals
     79300       3668       1580        928      37880     876846   ELF Image Totals (compressed)
     79300       3668       1580        928          0          0   ROM Totals

==============================================================================

    Total RO  Size (Code + RO Data)                80880 (  78.98kB)
    Total RW  Size (RW Data + ZI Data)             43848 (  42.82kB)
    Total ROM Size (Code + RO Data + RW Data)      81808 (  79.89kB)

==============================================================================

